21:39:51 **** Incremental Build of configuration Debug for project fsbl ****
make all 
'Building file: C:/hdl_projects/mpsoc_int/mpsoc_int.sdk/int_hw/psu_init.c'
'Invoking: ARM A53 gcc compiler'
aarch64-none-elf-gcc -DARMA53_64 -Wall -O0 -g3 -I"C:\hdl_projects\mpsoc_int\mpsoc_int.sdk\int_hw" -c -fmessage-length=0 -MT"src/psu_init.o" -I../../int_bsp/psu_cortexa53_0/include -MMD -MP -MF"src/psu_init.d" -MT"src/psu_init.o" -o "src/psu_init.o" "C:/hdl_projects/mpsoc_int/mpsoc_int.sdk/int_hw/psu_init.c"
'Finished building: C:/hdl_projects/mpsoc_int/mpsoc_int.sdk/int_hw/psu_init.c'
' '
'Building file: ../src/xfsbl_authentication.c'
'Invoking: ARM A53 gcc compiler'
aarch64-none-elf-gcc -DARMA53_64 -Wall -O0 -g3 -I"C:\hdl_projects\mpsoc_int\mpsoc_int.sdk\int_hw" -c -fmessage-length=0 -MT"src/xfsbl_authentication.o" -I../../int_bsp/psu_cortexa53_0/include -MMD -MP -MF"src/xfsbl_authentication.d" -MT"src/xfsbl_authentication.o" -o "src/xfsbl_authentication.o" "../src/xfsbl_authentication.c"
'Finished building: ../src/xfsbl_authentication.c'
' '
'Building file: ../src/xfsbl_board.c'
'Invoking: ARM A53 gcc compiler'
aarch64-none-elf-gcc -DARMA53_64 -Wall -O0 -g3 -I"C:\hdl_projects\mpsoc_int\mpsoc_int.sdk\int_hw" -c -fmessage-length=0 -MT"src/xfsbl_board.o" -I../../int_bsp/psu_cortexa53_0/include -MMD -MP -MF"src/xfsbl_board.d" -MT"src/xfsbl_board.o" -o "src/xfsbl_board.o" "../src/xfsbl_board.c"
'Finished building: ../src/xfsbl_board.c'
' '
'Building file: ../src/xfsbl_bs.c'
'Invoking: ARM A53 gcc compiler'
aarch64-none-elf-gcc -DARMA53_64 -Wall -O0 -g3 -I"C:\hdl_projects\mpsoc_int\mpsoc_int.sdk\int_hw" -c -fmessage-length=0 -MT"src/xfsbl_bs.o" -I../../int_bsp/psu_cortexa53_0/include -MMD -MP -MF"src/xfsbl_bs.d" -MT"src/xfsbl_bs.o" -o "src/xfsbl_bs.o" "../src/xfsbl_bs.c"
'Finished building: ../src/xfsbl_bs.c'
' '
'Building file: ../src/xfsbl_csu_dma.c'
'Invoking: ARM A53 gcc compiler'
aarch64-none-elf-gcc -DARMA53_64 -Wall -O0 -g3 -I"C:\hdl_projects\mpsoc_int\mpsoc_int.sdk\int_hw" -c -fmessage-length=0 -MT"src/xfsbl_csu_dma.o" -I../../int_bsp/psu_cortexa53_0/include -MMD -MP -MF"src/xfsbl_csu_dma.d" -MT"src/xfsbl_csu_dma.o" -o "src/xfsbl_csu_dma.o" "../src/xfsbl_csu_dma.c"
'Finished building: ../src/xfsbl_csu_dma.c'
' '
'Building file: ../src/xfsbl_handoff.c'
'Invoking: ARM A53 gcc compiler'
aarch64-none-elf-gcc -DARMA53_64 -Wall -O0 -g3 -I"C:\hdl_projects\mpsoc_int\mpsoc_int.sdk\int_hw" -c -fmessage-length=0 -MT"src/xfsbl_handoff.o" -I../../int_bsp/psu_cortexa53_0/include -MMD -MP -MF"src/xfsbl_handoff.d" -MT"src/xfsbl_handoff.o" -o "src/xfsbl_handoff.o" "../src/xfsbl_handoff.c"
'Finished building: ../src/xfsbl_handoff.c'
' '
'Building file: ../src/xfsbl_hooks.c'
'Invoking: ARM A53 gcc compiler'
aarch64-none-elf-gcc -DARMA53_64 -Wall -O0 -g3 -I"C:\hdl_projects\mpsoc_int\mpsoc_int.sdk\int_hw" -c -fmessage-length=0 -MT"src/xfsbl_hooks.o" -I../../int_bsp/psu_cortexa53_0/include -MMD -MP -MF"src/xfsbl_hooks.d" -MT"src/xfsbl_hooks.o" -o "src/xfsbl_hooks.o" "../src/xfsbl_hooks.c"
'Finished building: ../src/xfsbl_hooks.c'
' '
'Building file: ../src/xfsbl_image_header.c'
'Invoking: ARM A53 gcc compiler'
aarch64-none-elf-gcc -DARMA53_64 -Wall -O0 -g3 -I"C:\hdl_projects\mpsoc_int\mpsoc_int.sdk\int_hw" -c -fmessage-length=0 -MT"src/xfsbl_image_header.o" -I../../int_bsp/psu_cortexa53_0/include -MMD -MP -MF"src/xfsbl_image_header.d" -MT"src/xfsbl_image_header.o" -o "src/xfsbl_image_header.o" "../src/xfsbl_image_header.c"
'Finished building: ../src/xfsbl_image_header.c'
' '
'Building file: ../src/xfsbl_initialization.c'
'Invoking: ARM A53 gcc compiler'
aarch64-none-elf-gcc -DARMA53_64 -Wall -O0 -g3 -I"C:\hdl_projects\mpsoc_int\mpsoc_int.sdk\int_hw" -c -fmessage-length=0 -MT"src/xfsbl_initialization.o" -I../../int_bsp/psu_cortexa53_0/include -MMD -MP -MF"src/xfsbl_initialization.d" -MT"src/xfsbl_initialization.o" -o "src/xfsbl_initialization.o" "../src/xfsbl_initialization.c"
'Finished building: ../src/xfsbl_initialization.c'
' '
'Building file: ../src/xfsbl_main.c'
'Invoking: ARM A53 gcc compiler'
aarch64-none-elf-gcc -DARMA53_64 -Wall -O0 -g3 -I"C:\hdl_projects\mpsoc_int\mpsoc_int.sdk\int_hw" -c -fmessage-length=0 -MT"src/xfsbl_main.o" -I../../int_bsp/psu_cortexa53_0/include -MMD -MP -MF"src/xfsbl_main.d" -MT"src/xfsbl_main.o" -o "src/xfsbl_main.o" "../src/xfsbl_main.c"
'Finished building: ../src/xfsbl_main.c'
' '
'Building file: ../src/xfsbl_misc.c'
'Invoking: ARM A53 gcc compiler'
aarch64-none-elf-gcc -DARMA53_64 -Wall -O0 -g3 -I"C:\hdl_projects\mpsoc_int\mpsoc_int.sdk\int_hw" -c -fmessage-length=0 -MT"src/xfsbl_misc.o" -I../../int_bsp/psu_cortexa53_0/include -MMD -MP -MF"src/xfsbl_misc.d" -MT"src/xfsbl_misc.o" -o "src/xfsbl_misc.o" "../src/xfsbl_misc.c"
'Finished building: ../src/xfsbl_misc.c'
' '
'Building file: ../src/xfsbl_misc_drivers.c'
'Invoking: ARM A53 gcc compiler'
aarch64-none-elf-gcc -DARMA53_64 -Wall -O0 -g3 -I"C:\hdl_projects\mpsoc_int\mpsoc_int.sdk\int_hw" -c -fmessage-length=0 -MT"src/xfsbl_misc_drivers.o" -I../../int_bsp/psu_cortexa53_0/include -MMD -MP -MF"src/xfsbl_misc_drivers.d" -MT"src/xfsbl_misc_drivers.o" -o "src/xfsbl_misc_drivers.o" "../src/xfsbl_misc_drivers.c"
'Finished building: ../src/xfsbl_misc_drivers.c'
' '
'Building file: ../src/xfsbl_nand.c'
'Invoking: ARM A53 gcc compiler'
aarch64-none-elf-gcc -DARMA53_64 -Wall -O0 -g3 -I"C:\hdl_projects\mpsoc_int\mpsoc_int.sdk\int_hw" -c -fmessage-length=0 -MT"src/xfsbl_nand.o" -I../../int_bsp/psu_cortexa53_0/include -MMD -MP -MF"src/xfsbl_nand.d" -MT"src/xfsbl_nand.o" -o "src/xfsbl_nand.o" "../src/xfsbl_nand.c"
'Finished building: ../src/xfsbl_nand.c'
' '
'Building file: ../src/xfsbl_partition_load.c'
'Invoking: ARM A53 gcc compiler'
aarch64-none-elf-gcc -DARMA53_64 -Wall -O0 -g3 -I"C:\hdl_projects\mpsoc_int\mpsoc_int.sdk\int_hw" -c -fmessage-length=0 -MT"src/xfsbl_partition_load.o" -I../../int_bsp/psu_cortexa53_0/include -MMD -MP -MF"src/xfsbl_partition_load.d" -MT"src/xfsbl_partition_load.o" -o "src/xfsbl_partition_load.o" "../src/xfsbl_partition_load.c"
'Finished building: ../src/xfsbl_partition_load.c'
' '
'Building file: ../src/xfsbl_qspi.c'
'Invoking: ARM A53 gcc compiler'
aarch64-none-elf-gcc -DARMA53_64 -Wall -O0 -g3 -I"C:\hdl_projects\mpsoc_int\mpsoc_int.sdk\int_hw" -c -fmessage-length=0 -MT"src/xfsbl_qspi.o" -I../../int_bsp/psu_cortexa53_0/include -MMD -MP -MF"src/xfsbl_qspi.d" -MT"src/xfsbl_qspi.o" -o "src/xfsbl_qspi.o" "../src/xfsbl_qspi.c"
'Finished building: ../src/xfsbl_qspi.c'
' '
'Building file: ../src/xfsbl_rsa_sha.c'
'Invoking: ARM A53 gcc compiler'
aarch64-none-elf-gcc -DARMA53_64 -Wall -O0 -g3 -I"C:\hdl_projects\mpsoc_int\mpsoc_int.sdk\int_hw" -c -fmessage-length=0 -MT"src/xfsbl_rsa_sha.o" -I../../int_bsp/psu_cortexa53_0/include -MMD -MP -MF"src/xfsbl_rsa_sha.d" -MT"src/xfsbl_rsa_sha.o" -o "src/xfsbl_rsa_sha.o" "../src/xfsbl_rsa_sha.c"
'Finished building: ../src/xfsbl_rsa_sha.c'
' '
'Building file: ../src/xfsbl_sd.c'
'Invoking: ARM A53 gcc compiler'
aarch64-none-elf-gcc -DARMA53_64 -Wall -O0 -g3 -I"C:\hdl_projects\mpsoc_int\mpsoc_int.sdk\int_hw" -c -fmessage-length=0 -MT"src/xfsbl_sd.o" -I../../int_bsp/psu_cortexa53_0/include -MMD -MP -MF"src/xfsbl_sd.d" -MT"src/xfsbl_sd.o" -o "src/xfsbl_sd.o" "../src/xfsbl_sd.c"
'Finished building: ../src/xfsbl_sd.c'
' '
'Building file: ../src/xfsbl_translation_table.S'
'Invoking: ARM A53 gcc compiler'
aarch64-none-elf-gcc -DARMA53_64 -Wall -O0 -g3 -I"C:\hdl_projects\mpsoc_int\mpsoc_int.sdk\int_hw" -c -fmessage-length=0 -MT"src/xfsbl_translation_table.o" -I../../int_bsp/psu_cortexa53_0/include -MMD -MP -MF"src/xfsbl_translation_table.d" -MT"src/xfsbl_translation_table.o" -o "src/xfsbl_translation_table.o" "../src/xfsbl_translation_table.S"
../src/xfsbl_translation_table.S:111:2: warning: #warning "There's no DDR_1 in the HW design. MMU translation table marks 32 GB DDR address space as undefined" [-Wcpp]
 #warning "There's no DDR_1 in the HW design. MMU translation table marks 32 GB DDR address space as undefined"
  ^
'Finished building: ../src/xfsbl_translation_table.S'
' '
'Building target: fsbl.elf'
'Invoking: ARM A53 gcc linker'
aarch64-none-elf-gcc -Wl,-T -Wl,../src/lscript.ld -L../../int_bsp/psu_cortexa53_0/lib -o "fsbl.elf"  ./src/psu_init.o ./src/xfsbl_authentication.o ./src/xfsbl_board.o ./src/xfsbl_bs.o ./src/xfsbl_csu_dma.o ./src/xfsbl_exit.o ./src/xfsbl_handoff.o ./src/xfsbl_hooks.o ./src/xfsbl_image_header.o ./src/xfsbl_initialization.o ./src/xfsbl_main.o ./src/xfsbl_misc.o ./src/xfsbl_misc_drivers.o ./src/xfsbl_nand.o ./src/xfsbl_partition_load.o ./src/xfsbl_qspi.o ./src/xfsbl_rsa_sha.o ./src/xfsbl_sd.o ./src/xfsbl_translation_table.o   -Wl,--start-group,-lxil,-lgcc,-lc,--end-group -Wl,--start-group,-lxilffs,-lxil,-lgcc,-lc,--end-group -Wl,--start-group,-lxilsecure,-lxil,-lgcc,-lc,--end-group
'Finished building target: fsbl.elf'
' '
'Invoking: ARM A53 Print Size'
aarch64-none-elf-size fsbl.elf  |tee "fsbl.elf.size"
   text	   data	    bss	    dec	    hex	filename
 130872	   2712	  18816	 152400	  25350	fsbl.elf
'Finished building: fsbl.elf.size'
' '

21:40:03 Build Finished (took 12s.29ms)

