11:09:09 **** Build of project int_bsp ****
make -k all 
"Running Make include in psu_cortexa53_0/libsrc/axipmon_v6_5/src"
make -C psu_cortexa53_0/libsrc/axipmon_v6_5/src -s include  "SHELL=CMD" "COMPILER=aarch64-none-elf-gcc" "ARCHIVER=aarch64-none-elf-ar" "COMPILER_FLAGS=  -O2 -c" "EXTRA_COMPILER_FLAGS=-g"
"Running Make include in psu_cortexa53_0/libsrc/axivdma_v6_2/src"
make -C psu_cortexa53_0/libsrc/axivdma_v6_2/src -s include  "SHELL=CMD" "COMPILER=aarch64-none-elf-gcc" "ARCHIVER=aarch64-none-elf-ar" "COMPILER_FLAGS=  -O2 -c" "EXTRA_COMPILER_FLAGS=-g"
"Running Make include in psu_cortexa53_0/libsrc/bram_v4_1/src"
make -C psu_cortexa53_0/libsrc/bram_v4_1/src -s include  "SHELL=CMD" "COMPILER=aarch64-none-elf-gcc" "ARCHIVER=aarch64-none-elf-ar" "COMPILER_FLAGS=  -O2 -c" "EXTRA_COMPILER_FLAGS=-g"
"Running Make include in psu_cortexa53_0/libsrc/coresightps_dcc_v1_3/src"
make -C psu_cortexa53_0/libsrc/coresightps_dcc_v1_3/src -s include  "SHELL=CMD" "COMPILER=aarch64-none-elf-gcc" "ARCHIVER=aarch64-none-elf-ar" "COMPILER_FLAGS=  -O2 -c" "EXTRA_COMPILER_FLAGS=-g"
"Running Make include in psu_cortexa53_0/libsrc/cpu_cortexa53_v1_2/src"
make -C psu_cortexa53_0/libsrc/cpu_cortexa53_v1_2/src -s include  "SHELL=CMD" "COMPILER=aarch64-none-elf-gcc" "ARCHIVER=aarch64-none-elf-ar" "COMPILER_FLAGS=  -O2 -c" "EXTRA_COMPILER_FLAGS=-g"
"Running Make include in psu_cortexa53_0/libsrc/csudma_v1_1/src"
make -C psu_cortexa53_0/libsrc/csudma_v1_1/src -s include  "SHELL=CMD" "COMPILER=aarch64-none-elf-gcc" "ARCHIVER=aarch64-none-elf-ar" "COMPILER_FLAGS=  -O2 -c" "EXTRA_COMPILER_FLAGS=-g"
"Running Make include in psu_cortexa53_0/libsrc/ddrcpsu_v1_1/src"
make -C psu_cortexa53_0/libsrc/ddrcpsu_v1_1/src -s include  "SHELL=CMD" "COMPILER=aarch64-none-elf-gcc" "ARCHIVER=aarch64-none-elf-ar" "COMPILER_FLAGS=  -O2 -c" "EXTRA_COMPILER_FLAGS=-g"
"Running Make include in psu_cortexa53_0/libsrc/emacps_v3_3/src"
make -C psu_cortexa53_0/libsrc/emacps_v3_3/src -s include  "SHELL=CMD" "COMPILER=aarch64-none-elf-gcc" "ARCHIVER=aarch64-none-elf-ar" "COMPILER_FLAGS=  -O2 -c" "EXTRA_COMPILER_FLAGS=-g"
"Running Make include in psu_cortexa53_0/libsrc/gpiops_v3_1/src"
make -C psu_cortexa53_0/libsrc/gpiops_v3_1/src -s include  "SHELL=CMD" "COMPILER=aarch64-none-elf-gcc" "ARCHIVER=aarch64-none-elf-ar" "COMPILER_FLAGS=  -O2 -c" "EXTRA_COMPILER_FLAGS=-g"
"Running Make include in psu_cortexa53_0/libsrc/iicps_v3_4/src"
make -C psu_cortexa53_0/libsrc/iicps_v3_4/src -s include  "SHELL=CMD" "COMPILER=aarch64-none-elf-gcc" "ARCHIVER=aarch64-none-elf-ar" "COMPILER_FLAGS=  -O2 -c" "EXTRA_COMPILER_FLAGS=-g"
"Running Make include in psu_cortexa53_0/libsrc/ipipsu_v2_1/src"
make -C psu_cortexa53_0/libsrc/ipipsu_v2_1/src -s include  "SHELL=CMD" "COMPILER=aarch64-none-elf-gcc" "ARCHIVER=aarch64-none-elf-ar" "COMPILER_FLAGS=  -O2 -c" "EXTRA_COMPILER_FLAGS=-g"
"Running Make include in psu_cortexa53_0/libsrc/qspipsu_v1_3/src"
make -C psu_cortexa53_0/libsrc/qspipsu_v1_3/src -s include  "SHELL=CMD" "COMPILER=aarch64-none-elf-gcc" "ARCHIVER=aarch64-none-elf-ar" "COMPILER_FLAGS=  -O2 -c" "EXTRA_COMPILER_FLAGS=-g"
"Running Make include in psu_cortexa53_0/libsrc/rtcpsu_v1_3/src"
make -C psu_cortexa53_0/libsrc/rtcpsu_v1_3/src -s include  "SHELL=CMD" "COMPILER=aarch64-none-elf-gcc" "ARCHIVER=aarch64-none-elf-ar" "COMPILER_FLAGS=  -O2 -c" "EXTRA_COMPILER_FLAGS=-g"
"Running Make include in psu_cortexa53_0/libsrc/scugic_v3_5/src"
make -C psu_cortexa53_0/libsrc/scugic_v3_5/src -s include  "SHELL=CMD" "COMPILER=aarch64-none-elf-gcc" "ARCHIVER=aarch64-none-elf-ar" "COMPILER_FLAGS=  -O2 -c" "EXTRA_COMPILER_FLAGS=-g"
"Running Make include in psu_cortexa53_0/libsrc/sdps_v3_1/src"
make -C psu_cortexa53_0/libsrc/sdps_v3_1/src -s include  "SHELL=CMD" "COMPILER=aarch64-none-elf-gcc" "ARCHIVER=aarch64-none-elf-ar" "COMPILER_FLAGS=  -O2 -c" "EXTRA_COMPILER_FLAGS=-g"
"Running Make include in psu_cortexa53_0/libsrc/standalone_v6_1/src"
make -C psu_cortexa53_0/libsrc/standalone_v6_1/src -s include  "SHELL=CMD" "COMPILER=aarch64-none-elf-gcc" "ARCHIVER=aarch64-none-elf-ar" "COMPILER_FLAGS=  -O2 -c" "EXTRA_COMPILER_FLAGS=-g"
"Running Make include in psu_cortexa53_0/libsrc/sysmonpsu_v2_0/src"
make -C psu_cortexa53_0/libsrc/sysmonpsu_v2_0/src -s include  "SHELL=CMD" "COMPILER=aarch64-none-elf-gcc" "ARCHIVER=aarch64-none-elf-ar" "COMPILER_FLAGS=  -O2 -c" "EXTRA_COMPILER_FLAGS=-g"
"Running Make include in psu_cortexa53_0/libsrc/ttcps_v3_2/src"
make -C psu_cortexa53_0/libsrc/ttcps_v3_2/src -s include  "SHELL=CMD" "COMPILER=aarch64-none-elf-gcc" "ARCHIVER=aarch64-none-elf-ar" "COMPILER_FLAGS=  -O2 -c" "EXTRA_COMPILER_FLAGS=-g"
"Running Make include in psu_cortexa53_0/libsrc/uartps_v3_3/src"
make -C psu_cortexa53_0/libsrc/uartps_v3_3/src -s include  "SHELL=CMD" "COMPILER=aarch64-none-elf-gcc" "ARCHIVER=aarch64-none-elf-ar" "COMPILER_FLAGS=  -O2 -c" "EXTRA_COMPILER_FLAGS=-g"
"Running Make include in psu_cortexa53_0/libsrc/usbpsu_v1_1/src"
make -C psu_cortexa53_0/libsrc/usbpsu_v1_1/src -s include  "SHELL=CMD" "COMPILER=aarch64-none-elf-gcc" "ARCHIVER=aarch64-none-elf-ar" "COMPILER_FLAGS=  -O2 -c" "EXTRA_COMPILER_FLAGS=-g"
"Running Make include in psu_cortexa53_0/libsrc/v_tpg_v8_0/src"
make -C psu_cortexa53_0/libsrc/v_tpg_v8_0/src -s include  "SHELL=CMD" "COMPILER=aarch64-none-elf-gcc" "ARCHIVER=aarch64-none-elf-ar" "COMPILER_FLAGS=  -O2 -c" "EXTRA_COMPILER_FLAGS=-g"
"Running Make include in psu_cortexa53_0/libsrc/video_common_v4_0/src"
make -C psu_cortexa53_0/libsrc/video_common_v4_0/src -s include  "SHELL=CMD" "COMPILER=aarch64-none-elf-gcc" "ARCHIVER=aarch64-none-elf-ar" "COMPILER_FLAGS=  -O2 -c" "EXTRA_COMPILER_FLAGS=-g"
"Running Make include in psu_cortexa53_0/libsrc/wdtps_v3_0/src"
make -C psu_cortexa53_0/libsrc/wdtps_v3_0/src -s include  "SHELL=CMD" "COMPILER=aarch64-none-elf-gcc" "ARCHIVER=aarch64-none-elf-ar" "COMPILER_FLAGS=  -O2 -c" "EXTRA_COMPILER_FLAGS=-g"
"Running Make include in psu_cortexa53_0/libsrc/xilffs_v3_5/src"
make -C psu_cortexa53_0/libsrc/xilffs_v3_5/src -s include  "SHELL=CMD" "COMPILER=aarch64-none-elf-gcc" "ARCHIVER=aarch64-none-elf-ar" "COMPILER_FLAGS=  -O2 -c" "EXTRA_COMPILER_FLAGS=-g"
"Running Make include in psu_cortexa53_0/libsrc/xilpm_v2_0/src"
make -C psu_cortexa53_0/libsrc/xilpm_v2_0/src -s include  "SHELL=CMD" "COMPILER=aarch64-none-elf-gcc" "ARCHIVER=aarch64-none-elf-ar" "COMPILER_FLAGS=  -O2 -c" "EXTRA_COMPILER_FLAGS=-g"
"Include files for this library have already been copied."
"Running Make include in psu_cortexa53_0/libsrc/xilsecure_v1_2/src"
make -C psu_cortexa53_0/libsrc/xilsecure_v1_2/src -s include  "SHELL=CMD" "COMPILER=aarch64-none-elf-gcc" "ARCHIVER=aarch64-none-elf-ar" "COMPILER_FLAGS=  -O2 -c" "EXTRA_COMPILER_FLAGS=-g"
"Running Make include in psu_cortexa53_0/libsrc/zdma_v1_1/src"
make -C psu_cortexa53_0/libsrc/zdma_v1_1/src -s include  "SHELL=CMD" "COMPILER=aarch64-none-elf-gcc" "ARCHIVER=aarch64-none-elf-ar" "COMPILER_FLAGS=  -O2 -c" "EXTRA_COMPILER_FLAGS=-g"
"Running Make libs in psu_cortexa53_0/libsrc/axipmon_v6_5/src"
make -C psu_cortexa53_0/libsrc/axipmon_v6_5/src -s libs  "SHELL=CMD" "COMPILER=aarch64-none-elf-gcc" "ARCHIVER=aarch64-none-elf-ar" "COMPILER_FLAGS=  -O2 -c" "EXTRA_COMPILER_FLAGS=-g"
"Compiling axipmon"
aarch64-none-elf-ar: creating ../../../lib/libxil.a
"Running Make libs in psu_cortexa53_0/libsrc/axivdma_v6_2/src"
make -C psu_cortexa53_0/libsrc/axivdma_v6_2/src -s libs  "SHELL=CMD" "COMPILER=aarch64-none-elf-gcc" "ARCHIVER=aarch64-none-elf-ar" "COMPILER_FLAGS=  -O2 -c" "EXTRA_COMPILER_FLAGS=-g"
"Compiling axivdma"
"Running Make libs in psu_cortexa53_0/libsrc/bram_v4_1/src"
make -C psu_cortexa53_0/libsrc/bram_v4_1/src -s libs  "SHELL=CMD" "COMPILER=aarch64-none-elf-gcc" "ARCHIVER=aarch64-none-elf-ar" "COMPILER_FLAGS=  -O2 -c" "EXTRA_COMPILER_FLAGS=-g"
"Compiling bram"
"Running Make libs in psu_cortexa53_0/libsrc/coresightps_dcc_v1_3/src"
make -C psu_cortexa53_0/libsrc/coresightps_dcc_v1_3/src -s libs  "SHELL=CMD" "COMPILER=aarch64-none-elf-gcc" "ARCHIVER=aarch64-none-elf-ar" "COMPILER_FLAGS=  -O2 -c" "EXTRA_COMPILER_FLAGS=-g"
"Compiling coresightps_dcc"
"Running Make libs in psu_cortexa53_0/libsrc/cpu_cortexa53_v1_2/src"
make -C psu_cortexa53_0/libsrc/cpu_cortexa53_v1_2/src -s libs  "SHELL=CMD" "COMPILER=aarch64-none-elf-gcc" "ARCHIVER=aarch64-none-elf-ar" "COMPILER_FLAGS=  -O2 -c" "EXTRA_COMPILER_FLAGS=-g"
"Compiling cpu_cortexa53"
"Running Make libs in psu_cortexa53_0/libsrc/csudma_v1_1/src"
make -C psu_cortexa53_0/libsrc/csudma_v1_1/src -s libs  "SHELL=CMD" "COMPILER=aarch64-none-elf-gcc" "ARCHIVER=aarch64-none-elf-ar" "COMPILER_FLAGS=  -O2 -c" "EXTRA_COMPILER_FLAGS=-g"
"Compiling csudma"
"Running Make libs in psu_cortexa53_0/libsrc/ddrcpsu_v1_1/src"
make -C psu_cortexa53_0/libsrc/ddrcpsu_v1_1/src -s libs  "SHELL=CMD" "COMPILER=aarch64-none-elf-gcc" "ARCHIVER=aarch64-none-elf-ar" "COMPILER_FLAGS=  -O2 -c" "EXTRA_COMPILER_FLAGS=-g"
"Compiling ddrcpsu"
"Running Make libs in psu_cortexa53_0/libsrc/emacps_v3_3/src"
make -C psu_cortexa53_0/libsrc/emacps_v3_3/src -s libs  "SHELL=CMD" "COMPILER=aarch64-none-elf-gcc" "ARCHIVER=aarch64-none-elf-ar" "COMPILER_FLAGS=  -O2 -c" "EXTRA_COMPILER_FLAGS=-g"
"Compiling emacps"
"Running Make libs in psu_cortexa53_0/libsrc/gpiops_v3_1/src"
make -C psu_cortexa53_0/libsrc/gpiops_v3_1/src -s libs  "SHELL=CMD" "COMPILER=aarch64-none-elf-gcc" "ARCHIVER=aarch64-none-elf-ar" "COMPILER_FLAGS=  -O2 -c" "EXTRA_COMPILER_FLAGS=-g"
"Compiling gpiops"
"Running Make libs in psu_cortexa53_0/libsrc/iicps_v3_4/src"
make -C psu_cortexa53_0/libsrc/iicps_v3_4/src -s libs  "SHELL=CMD" "COMPILER=aarch64-none-elf-gcc" "ARCHIVER=aarch64-none-elf-ar" "COMPILER_FLAGS=  -O2 -c" "EXTRA_COMPILER_FLAGS=-g"
"Compiling iicps"
"Running Make libs in psu_cortexa53_0/libsrc/ipipsu_v2_1/src"
make -C psu_cortexa53_0/libsrc/ipipsu_v2_1/src -s libs  "SHELL=CMD" "COMPILER=aarch64-none-elf-gcc" "ARCHIVER=aarch64-none-elf-ar" "COMPILER_FLAGS=  -O2 -c" "EXTRA_COMPILER_FLAGS=-g"
"Compiling ipipsu"
"Running Make libs in psu_cortexa53_0/libsrc/qspipsu_v1_3/src"
make -C psu_cortexa53_0/libsrc/qspipsu_v1_3/src -s libs  "SHELL=CMD" "COMPILER=aarch64-none-elf-gcc" "ARCHIVER=aarch64-none-elf-ar" "COMPILER_FLAGS=  -O2 -c" "EXTRA_COMPILER_FLAGS=-g"
"Compiling qspipsu"
"Running Make libs in psu_cortexa53_0/libsrc/rtcpsu_v1_3/src"
make -C psu_cortexa53_0/libsrc/rtcpsu_v1_3/src -s libs  "SHELL=CMD" "COMPILER=aarch64-none-elf-gcc" "ARCHIVER=aarch64-none-elf-ar" "COMPILER_FLAGS=  -O2 -c" "EXTRA_COMPILER_FLAGS=-g"
"Compiling rtcpsu"
"Running Make libs in psu_cortexa53_0/libsrc/scugic_v3_5/src"
make -C psu_cortexa53_0/libsrc/scugic_v3_5/src -s libs  "SHELL=CMD" "COMPILER=aarch64-none-elf-gcc" "ARCHIVER=aarch64-none-elf-ar" "COMPILER_FLAGS=  -O2 -c" "EXTRA_COMPILER_FLAGS=-g"
"Compiling scugic"
"Running Make libs in psu_cortexa53_0/libsrc/sdps_v3_1/src"
make -C psu_cortexa53_0/libsrc/sdps_v3_1/src -s libs  "SHELL=CMD" "COMPILER=aarch64-none-elf-gcc" "ARCHIVER=aarch64-none-elf-ar" "COMPILER_FLAGS=  -O2 -c" "EXTRA_COMPILER_FLAGS=-g"
"Compiling sdps"
"Running Make libs in psu_cortexa53_0/libsrc/standalone_v6_1/src"
make -C psu_cortexa53_0/libsrc/standalone_v6_1/src -s libs  "SHELL=CMD" "COMPILER=aarch64-none-elf-gcc" "ARCHIVER=aarch64-none-elf-ar" "COMPILER_FLAGS=  -O2 -c" "EXTRA_COMPILER_FLAGS=-g"
"Compiling standalone A53"
"Running Make libs in psu_cortexa53_0/libsrc/sysmonpsu_v2_0/src"
make -C psu_cortexa53_0/libsrc/sysmonpsu_v2_0/src -s libs  "SHELL=CMD" "COMPILER=aarch64-none-elf-gcc" "ARCHIVER=aarch64-none-elf-ar" "COMPILER_FLAGS=  -O2 -c" "EXTRA_COMPILER_FLAGS=-g"
"Compiling sysmonpsu"
"Running Make libs in psu_cortexa53_0/libsrc/ttcps_v3_2/src"
make -C psu_cortexa53_0/libsrc/ttcps_v3_2/src -s libs  "SHELL=CMD" "COMPILER=aarch64-none-elf-gcc" "ARCHIVER=aarch64-none-elf-ar" "COMPILER_FLAGS=  -O2 -c" "EXTRA_COMPILER_FLAGS=-g"
"Compiling ttcps"
"Running Make libs in psu_cortexa53_0/libsrc/uartps_v3_3/src"
make -C psu_cortexa53_0/libsrc/uartps_v3_3/src -s libs  "SHELL=CMD" "COMPILER=aarch64-none-elf-gcc" "ARCHIVER=aarch64-none-elf-ar" "COMPILER_FLAGS=  -O2 -c" "EXTRA_COMPILER_FLAGS=-g"
"Compiling uartps"
"Running Make libs in psu_cortexa53_0/libsrc/usbpsu_v1_1/src"
make -C psu_cortexa53_0/libsrc/usbpsu_v1_1/src -s libs  "SHELL=CMD" "COMPILER=aarch64-none-elf-gcc" "ARCHIVER=aarch64-none-elf-ar" "COMPILER_FLAGS=  -O2 -c" "EXTRA_COMPILER_FLAGS=-g"
"Compiling usbpsu"
"Running Make libs in psu_cortexa53_0/libsrc/v_tpg_v8_0/src"
make -C psu_cortexa53_0/libsrc/v_tpg_v8_0/src -s libs  "SHELL=CMD" "COMPILER=aarch64-none-elf-gcc" "ARCHIVER=aarch64-none-elf-ar" "COMPILER_FLAGS=  -O2 -c" "EXTRA_COMPILER_FLAGS=-g"
"Compiling v_tpg"
"Running Make libs in psu_cortexa53_0/libsrc/video_common_v4_0/src"
make -C psu_cortexa53_0/libsrc/video_common_v4_0/src -s libs  "SHELL=CMD" "COMPILER=aarch64-none-elf-gcc" "ARCHIVER=aarch64-none-elf-ar" "COMPILER_FLAGS=  -O2 -c" "EXTRA_COMPILER_FLAGS=-g"
"Compiling video_common"
"Running Make libs in psu_cortexa53_0/libsrc/wdtps_v3_0/src"
make -C psu_cortexa53_0/libsrc/wdtps_v3_0/src -s libs  "SHELL=CMD" "COMPILER=aarch64-none-elf-gcc" "ARCHIVER=aarch64-none-elf-ar" "COMPILER_FLAGS=  -O2 -c" "EXTRA_COMPILER_FLAGS=-g"
"Compiling wdtps"
"Running Make libs in psu_cortexa53_0/libsrc/xilffs_v3_5/src"
make -C psu_cortexa53_0/libsrc/xilffs_v3_5/src -s libs  "SHELL=CMD" "COMPILER=aarch64-none-elf-gcc" "ARCHIVER=aarch64-none-elf-ar" "COMPILER_FLAGS=  -O2 -c" "EXTRA_COMPILER_FLAGS=-g"
"Compiling XilFFs Library"
"Running Make libs in psu_cortexa53_0/libsrc/xilpm_v2_0/src"
make -C psu_cortexa53_0/libsrc/xilpm_v2_0/src -s libs  "SHELL=CMD" "COMPILER=aarch64-none-elf-gcc" "ARCHIVER=aarch64-none-elf-ar" "COMPILER_FLAGS=  -O2 -c" "EXTRA_COMPILER_FLAGS=-g"
"Compiling xilpm library"
aarch64-none-elf-ar: creating ../../../lib/libxilpm.a
"Running Make libs in psu_cortexa53_0/libsrc/xilsecure_v1_2/src"
make -C psu_cortexa53_0/libsrc/xilsecure_v1_2/src -s libs  "SHELL=CMD" "COMPILER=aarch64-none-elf-gcc" "ARCHIVER=aarch64-none-elf-ar" "COMPILER_FLAGS=  -O2 -c" "EXTRA_COMPILER_FLAGS=-g"
"Compiling XilSecure Library"
"Running Make libs in psu_cortexa53_0/libsrc/zdma_v1_1/src"
make -C psu_cortexa53_0/libsrc/zdma_v1_1/src -s libs  "SHELL=CMD" "COMPILER=aarch64-none-elf-gcc" "ARCHIVER=aarch64-none-elf-ar" "COMPILER_FLAGS=  -O2 -c" "EXTRA_COMPILER_FLAGS=-g"
"Compiling zdma"
'Finished building libraries'
11:09:44 **** Build of configuration Debug for project tpg_vdma ****
make all 
'Building file: ../src/helloworld.c'
'Invoking: ARM A53 gcc compiler'
aarch64-none-elf-gcc -Wall -O0 -g3 -c -fmessage-length=0 -MT"src/helloworld.o" -I../../int_bsp/psu_cortexa53_0/include -MMD -MP -MF"src/helloworld.d" -MT"src/helloworld.o" -o "src/helloworld.o" "../src/helloworld.c"
../src/helloworld.c: In function 'main':
../src/helloworld.c:16:19: error: conflicting types for 'status'
  u32 height,width,status;
                   ^
../src/helloworld.c:15:6: note: previous declaration of 'status' was here
  int status;
      ^
make: *** [src/helloworld.o] Error 1
11:14:59 **** Incremental Build of configuration Debug for project tpg_vdma ****
make all 
'Building file: ../src/helloworld.c'
'Invoking: ARM A53 gcc compiler'
aarch64-none-elf-gcc -Wall -O0 -g3 -c -fmessage-length=0 -MT"src/helloworld.o" -I../../int_bsp/psu_cortexa53_0/include -MMD -MP -MF"src/helloworld.d" -MT"src/helloworld.o" -o "src/helloworld.o" "../src/helloworld.c"
'Finished building: ../src/helloworld.c'
' '
'Building file: ../src/platform.c'
'Invoking: ARM A53 gcc compiler'
aarch64-none-elf-gcc -Wall -O0 -g3 -c -fmessage-length=0 -MT"src/platform.o" -I../../int_bsp/psu_cortexa53_0/include -MMD -MP -MF"src/platform.d" -MT"src/platform.o" -o "src/platform.o" "../src/platform.c"
'Finished building: ../src/platform.c'
' '
'Building target: tpg_vdma.elf'
'Invoking: ARM A53 gcc linker'
aarch64-none-elf-gcc -Wl,-T -Wl,../src/lscript.ld -L../../int_bsp/psu_cortexa53_0/lib -o "tpg_vdma.elf"  ./src/helloworld.o ./src/platform.o   -Wl,--start-group,-lxil,-lgcc,-lc,--end-group -Wl,--start-group,-lxilffs,-lxil,-lgcc,-lc,--end-group -Wl,--start-group,-lxilsecure,-lxil,-lgcc,-lc,--end-group -Wl,--start-group,-lxilpm,-lxil,-lgcc,-lc,--end-group
'Finished building target: tpg_vdma.elf'
' '
'Invoking: ARM A53 Print Size'
aarch64-none-elf-size tpg_vdma.elf  |tee "tpg_vdma.elf.size"
   text	   data	    bss	    dec	    hex	filename
  82936	   4664	  20840	 108440	  1a798	tpg_vdma.elf
'Finished building: tpg_vdma.elf.size'
' '
11:15:35 **** Incremental Build of configuration Debug for project tpg_vdma ****
make all 
make: Nothing to be done for `all'.
11:17:30 **** Incremental Build of configuration Debug for project tpg_vdma ****
make all 
make: Nothing to be done for `all'.
11:22:19 **** Incremental Build of configuration Debug for project tpg_vdma ****
make all 
make: Nothing to be done for `all'.
11:24:20 **** Incremental Build of configuration Debug for project tpg_vdma ****
make all 
make: Nothing to be done for `all'.
11:25:14 **** Incremental Build of configuration Debug for project tpg_vdma ****
make all 
'Building file: ../src/helloworld.c'
'Invoking: ARM A53 gcc compiler'
aarch64-none-elf-gcc -Wall -O0 -g3 -c -fmessage-length=0 -MT"src/helloworld.o" -I../../int_bsp/psu_cortexa53_0/include -MMD -MP -MF"src/helloworld.d" -MT"src/helloworld.o" -o "src/helloworld.o" "../src/helloworld.c"
'Finished building: ../src/helloworld.c'
' '
'Building target: tpg_vdma.elf'
'Invoking: ARM A53 gcc linker'
aarch64-none-elf-gcc -Wl,-T -Wl,../src/lscript.ld -L../../int_bsp/psu_cortexa53_0/lib -o "tpg_vdma.elf"  ./src/helloworld.o ./src/platform.o   -Wl,--start-group,-lxil,-lgcc,-lc,--end-group -Wl,--start-group,-lxilffs,-lxil,-lgcc,-lc,--end-group -Wl,--start-group,-lxilsecure,-lxil,-lgcc,-lc,--end-group -Wl,--start-group,-lxilpm,-lxil,-lgcc,-lc,--end-group
'Finished building target: tpg_vdma.elf'
' '
'Invoking: ARM A53 Print Size'
aarch64-none-elf-size tpg_vdma.elf  |tee "tpg_vdma.elf.size"
   text	   data	    bss	    dec	    hex	filename
  82928	   4664	  20840	 108432	  1a790	tpg_vdma.elf
'Finished building: tpg_vdma.elf.size'
' '
11:27:56 **** Incremental Build of configuration Debug for project tpg_vdma ****
make all 
make: Nothing to be done for `all'.
11:41:10 **** Incremental Build of configuration Debug for project tpg_vdma ****
make all 
'Building target: tpg_vdma.elf'
'Invoking: ARM A53 gcc linker'
aarch64-none-elf-gcc -Wl,-T -Wl,../src/lscript.ld -L../../int_bsp/psu_cortexa53_0/lib -o "tpg_vdma.elf"  ./src/helloworld.o ./src/platform.o   -Wl,--start-group,-lxil,-lgcc,-lc,--end-group -Wl,--start-group,-lxilffs,-lxil,-lgcc,-lc,--end-group -Wl,--start-group,-lxilsecure,-lxil,-lgcc,-lc,--end-group -Wl,--start-group,-lxilpm,-lxil,-lgcc,-lc,--end-group
'Finished building target: tpg_vdma.elf'
' '
'Invoking: ARM A53 Print Size'
aarch64-none-elf-size tpg_vdma.elf  |tee "tpg_vdma.elf.size"
   text	   data	    bss	    dec	    hex	filename
  82928	   4664	 266600	 354192	  56790	tpg_vdma.elf
'Finished building: tpg_vdma.elf.size'
' '
11:43:39 **** Incremental Build of configuration Debug for project tpg_vdma ****
make all 
make: Nothing to be done for `all'.
11:45:42 **** Incremental Build of configuration Debug for project tpg_vdma ****
make all 
make: Nothing to be done for `all'.
11:47:15 **** Incremental Build of configuration Debug for project tpg_vdma ****
make all 
make: Nothing to be done for `all'.
11:48:51 **** Incremental Build of configuration Debug for project tpg_vdma ****
make all 
make: Nothing to be done for `all'.
11:50:02 **** Incremental Build of configuration Debug for project power_apu ****
make all 
'Building file: ../src/helloworld.c'
'Invoking: ARM A53 gcc compiler'
aarch64-none-elf-gcc -Wall -O0 -g3 -c -fmessage-length=0 -MT"src/helloworld.o" -I../../int_bsp/psu_cortexa53_0/include -MMD -MP -MF"src/helloworld.d" -MT"src/helloworld.o" -o "src/helloworld.o" "../src/helloworld.c"
../src/helloworld.c: In function 'main':
../src/helloworld.c:83:21: warning: unused variable 'status' [-Wunused-variable]
  enum XPmBootStatus status = XPm_GetBootStatus();
                     ^
../src/helloworld.c:78:10: warning: variable 'Stat' set but not used [-Wunused-but-set-variable]
  XStatus Stat;
          ^
../src/helloworld.c:75:6: warning: unused variable 'data' [-Wunused-variable]
  u32 data;
      ^
../src/helloworld.c:74:7: warning: unused variable 'i' [-Wunused-variable]
  int  i;
       ^
'Finished building: ../src/helloworld.c'
' '
'Building file: ../src/platform.c'
'Invoking: ARM A53 gcc compiler'
aarch64-none-elf-gcc -Wall -O0 -g3 -c -fmessage-length=0 -MT"src/platform.o" -I../../int_bsp/psu_cortexa53_0/include -MMD -MP -MF"src/platform.d" -MT"src/platform.o" -o "src/platform.o" "../src/platform.c"
'Finished building: ../src/platform.c'
' '
'Building target: power_apu.elf'
'Invoking: ARM A53 gcc linker'
aarch64-none-elf-gcc -Wl,-T -Wl,../src/lscript.ld -L../../int_bsp/psu_cortexa53_0/lib -o "power_apu.elf"  ./src/helloworld.o ./src/platform.o   -Wl,--start-group,-lxil,-lgcc,-lc,--end-group -Wl,--start-group,-lxilffs,-lxil,-lgcc,-lc,--end-group -Wl,--start-group,-lxilsecure,-lxil,-lgcc,-lc,--end-group -Wl,--start-group,-lxilpm,-lxil,-lgcc,-lc,--end-group
'Finished building target: power_apu.elf'
' '
'Invoking: ARM A53 Print Size'
aarch64-none-elf-size power_apu.elf  |tee "power_apu.elf.size"
   text	   data	    bss	    dec	    hex	filename
  84432	   4968	  21024	 110424	  1af58	power_apu.elf
'Finished building: power_apu.elf.size'
' '
11:51:21 **** Incremental Build of configuration Debug for project power_apu ****
make all 
'Building file: ../src/helloworld.c'
'Invoking: ARM A53 gcc compiler'
aarch64-none-elf-gcc -Wall -O0 -g3 -c -fmessage-length=0 -MT"src/helloworld.o" -I../../int_bsp/psu_cortexa53_0/include -MMD -MP -MF"src/helloworld.d" -MT"src/helloworld.o" -o "src/helloworld.o" "../src/helloworld.c"
../src/helloworld.c: In function 'main':
../src/helloworld.c:83:21: warning: unused variable 'status' [-Wunused-variable]
  enum XPmBootStatus status = XPm_GetBootStatus();
                     ^
../src/helloworld.c:78:10: warning: variable 'Stat' set but not used [-Wunused-but-set-variable]
  XStatus Stat;
          ^
'Finished building: ../src/helloworld.c'
' '
'Building target: power_apu.elf'
'Invoking: ARM A53 gcc linker'
aarch64-none-elf-gcc -Wl,-T -Wl,../src/lscript.ld -L../../int_bsp/psu_cortexa53_0/lib -o "power_apu.elf"  ./src/helloworld.o ./src/platform.o   -Wl,--start-group,-lxil,-lgcc,-lc,--end-group -Wl,--start-group,-lxilffs,-lxil,-lgcc,-lc,--end-group -Wl,--start-group,-lxilsecure,-lxil,-lgcc,-lc,--end-group -Wl,--start-group,-lxilpm,-lxil,-lgcc,-lc,--end-group
'Finished building target: power_apu.elf'
' '
'Invoking: ARM A53 Print Size'
aarch64-none-elf-size power_apu.elf  |tee "power_apu.elf.size"
   text	   data	    bss	    dec	    hex	filename
  84888	   4968	  21016	 110872	  1b118	power_apu.elf
'Finished building: power_apu.elf.size'
' '
11:51:44 **** Incremental Build of configuration Debug for project test ****
make all 
make: Nothing to be done for `all'.
11:51:44 **** Incremental Build of configuration Debug for project power_apu ****
make all 
make: Nothing to be done for `all'.
11:54:31 **** Incremental Build of configuration Debug for project test ****
make all 
make: Nothing to be done for `all'.
11:54:31 **** Incremental Build of configuration Debug for project power_apu ****
make all 
'Building file: ../src/helloworld.c'
'Invoking: ARM A53 gcc compiler'
aarch64-none-elf-gcc -Wall -O0 -g3 -c -fmessage-length=0 -MT"src/helloworld.o" -I../../int_bsp/psu_cortexa53_0/include -MMD -MP -MF"src/helloworld.d" -MT"src/helloworld.o" -o "src/helloworld.o" "../src/helloworld.c"
../src/helloworld.c: In function 'main':
../src/helloworld.c:83:21: warning: unused variable 'status' [-Wunused-variable]
  enum XPmBootStatus status = XPm_GetBootStatus();
                     ^
../src/helloworld.c:78:10: warning: variable 'Stat' set but not used [-Wunused-but-set-variable]
  XStatus Stat;
          ^
'Finished building: ../src/helloworld.c'
' '
'Building target: power_apu.elf'
'Invoking: ARM A53 gcc linker'
aarch64-none-elf-gcc -Wl,-T -Wl,../src/lscript.ld -L../../int_bsp/psu_cortexa53_0/lib -o "power_apu.elf"  ./src/helloworld.o ./src/platform.o   -Wl,--start-group,-lxil,-lgcc,-lc,--end-group -Wl,--start-group,-lxilffs,-lxil,-lgcc,-lc,--end-group -Wl,--start-group,-lxilsecure,-lxil,-lgcc,-lc,--end-group -Wl,--start-group,-lxilpm,-lxil,-lgcc,-lc,--end-group
'Finished building target: power_apu.elf'
' '
'Invoking: ARM A53 Print Size'
aarch64-none-elf-size power_apu.elf  |tee "power_apu.elf.size"
   text	   data	    bss	    dec	    hex	filename
  84888	   4968	  21016	 110872	  1b118	power_apu.elf
'Finished building: power_apu.elf.size'
' '
11:56:05 **** Incremental Build of configuration Debug for project test ****
make all 
make: Nothing to be done for `all'.
11:56:06 **** Incremental Build of configuration Debug for project power_apu ****
make all 
make: Nothing to be done for `all'.
11:59:55 **** Incremental Build of configuration Debug for project tpg_vdma ****
make all 
make: Nothing to be done for `all'.
12:01:46 **** Incremental Build of configuration Debug for project tpg_vdma ****
make all 
make: Nothing to be done for `all'.
12:03:35 **** Incremental Build of configuration Debug for project tpg_vdma ****
make all 
make: Nothing to be done for `all'.
12:03:38 **** Incremental Build of configuration Debug for project tpg_vdma ****
make all 
make: Nothing to be done for `all'.
12:05:55 **** Incremental Build of configuration Debug for project tpg_vdma ****
make all 
make: Nothing to be done for `all'.
12:05:56 **** Incremental Build of configuration Debug for project test ****
make all 
make: Nothing to be done for `all'.
12:15:51 **** Incremental Build of configuration Debug for project tpg_vdma ****
make all 
'Building file: ../src/helloworld.c'
'Invoking: ARM A53 gcc compiler'
aarch64-none-elf-gcc -Wall -O0 -g3 -c -fmessage-length=0 -MT"src/helloworld.o" -I../../int_bsp/psu_cortexa53_0/include -MMD -MP -MF"src/helloworld.d" -MT"src/helloworld.o" -o "src/helloworld.o" "../src/helloworld.c"
../src/helloworld.c: In function 'main':
../src/helloworld.c:75:35: warning: cast from pointer to integer of different size [-Wpointer-to-int-cast]
  vdmaDMA.FrameStoreStartAddr[0] = (u32)  pFrames[0];
                                   ^
../src/helloworld.c:76:19: error: 'DEMO_STRIDE' undeclared (first use in this function)
  vdmaDMA.Stride = DEMO_STRIDE;
                   ^
../src/helloworld.c:76:19: note: each undeclared identifier is reported only once for each function it appears in
../src/helloworld.c:27:19: warning: unused variable 'status' [-Wunused-variable]
  u32 height,width,status;
                   ^
../src/helloworld.c:27:13: warning: unused variable 'width' [-Wunused-variable]
  u32 height,width,status;
             ^
../src/helloworld.c:27:6: warning: unused variable 'height' [-Wunused-variable]
  u32 height,width,status;
      ^
make: *** [src/helloworld.o] Error 1
12:16:16 **** Incremental Build of configuration Debug for project tpg_vdma ****
make all 
'Building file: ../src/helloworld.c'
'Invoking: ARM A53 gcc compiler'
aarch64-none-elf-gcc -Wall -O0 -g3 -c -fmessage-length=0 -MT"src/helloworld.o" -I../../int_bsp/psu_cortexa53_0/include -MMD -MP -MF"src/helloworld.d" -MT"src/helloworld.o" -o "src/helloworld.o" "../src/helloworld.c"
../src/helloworld.c: In function 'main':
../src/helloworld.c:75:35: warning: cast from pointer to integer of different size [-Wpointer-to-int-cast]
  vdmaDMA.FrameStoreStartAddr[0] = (u32)  pFrames[0];
                                   ^
../src/helloworld.c:27:19: warning: unused variable 'status' [-Wunused-variable]
  u32 height,width,status;
                   ^
../src/helloworld.c:27:13: warning: unused variable 'width' [-Wunused-variable]
  u32 height,width,status;
             ^
../src/helloworld.c:27:6: warning: unused variable 'height' [-Wunused-variable]
  u32 height,width,status;
      ^
'Finished building: ../src/helloworld.c'
' '
'Building target: tpg_vdma.elf'
'Invoking: ARM A53 gcc linker'
aarch64-none-elf-gcc -Wl,-T -Wl,../src/lscript.ld -L../../int_bsp/psu_cortexa53_0/lib -o "tpg_vdma.elf"  ./src/helloworld.o ./src/platform.o   -Wl,--start-group,-lxil,-lgcc,-lc,--end-group -Wl,--start-group,-lxilffs,-lxil,-lgcc,-lc,--end-group -Wl,--start-group,-lxilsecure,-lxil,-lgcc,-lc,--end-group -Wl,--start-group,-lxilpm,-lxil,-lgcc,-lc,--end-group
'Finished building target: tpg_vdma.elf'
' '
'Invoking: ARM A53 Print Size'
aarch64-none-elf-size tpg_vdma.elf  |tee "tpg_vdma.elf.size"
   text	   data	    bss	    dec	    hex	filename
  91736	   4808	5512312	5608856	 559598	tpg_vdma.elf
'Finished building: tpg_vdma.elf.size'
' '
12:17:35 **** Incremental Build of configuration Debug for project tpg_vdma ****
make all 
make: Nothing to be done for `all'.
12:17:35 **** Incremental Build of configuration Debug for project test ****
make all 
make: Nothing to be done for `all'.
12:20:12 **** Incremental Build of configuration Debug for project tpg_vdma ****
make all 
make: Nothing to be done for `all'.
12:20:12 **** Incremental Build of configuration Debug for project test ****
make all 
make: Nothing to be done for `all'.
12:21:09 **** Incremental Build of configuration Debug for project tpg_vdma ****
make all 
make: Nothing to be done for `all'.
12:21:10 **** Incremental Build of configuration Debug for project test ****
make all 
make: Nothing to be done for `all'.
12:22:25 **** Incremental Build of configuration Debug for project tpg_vdma ****
make all 
make: Nothing to be done for `all'.
12:22:25 **** Incremental Build of configuration Debug for project test ****
make all 
make: Nothing to be done for `all'.
12:23:38 **** Incremental Build of configuration Debug for project tpg_vdma ****
make all 
make: Nothing to be done for `all'.
12:23:39 **** Incremental Build of configuration Debug for project test ****
make all 
make: Nothing to be done for `all'.
12:25:31 **** Incremental Build of configuration Debug for project tpg_vdma ****
make all 
make: Nothing to be done for `all'.
12:25:32 **** Incremental Build of configuration Debug for project test ****
make all 
make: Nothing to be done for `all'.
12:27:22 **** Incremental Build of configuration Debug for project tpg_vdma ****
make all 
make: Nothing to be done for `all'.
12:27:23 **** Incremental Build of configuration Debug for project test ****
make all 
make: Nothing to be done for `all'.
12:28:22 **** Incremental Build of configuration Debug for project tpg_vdma ****
make all 
make: Nothing to be done for `all'.
12:28:23 **** Incremental Build of configuration Debug for project test ****
make all 
make: Nothing to be done for `all'.
13:34:03 **** Clean-only build of project int_bsp ****
make -k clean 
rm -f psu_cortexa53_0/lib/libxil.a
13:34:03 **** Clean-only build of project test_bsp ****
make -k clean 
rm -f psu_pmu_0/lib/libxil.a
13:34:04 **** Clean-only build of configuration Debug for project power_apu ****
make clean 
rm -rf  ./src/helloworld.o ./src/platform.o  ./src/helloworld.d ./src/platform.d  power_apu.elf.size  power_apu.elf
' '
13:34:04 **** Clean-only build of configuration Debug for project tpg_vdma ****
make clean 
rm -rf  ./src/helloworld.o ./src/platform.o  ./src/helloworld.d ./src/platform.d  tpg_vdma.elf.size  tpg_vdma.elf
' '
13:34:04 **** Clean-only build of configuration Debug for project test ****
make clean 
rm -rf  ./src/pm_api.o ./src/pm_binding.o ./src/pm_callbacks.o ./src/pm_clock.o ./src/pm_common.o ./src/pm_core.o ./src/pm_ddr.o ./src/pm_gic_proxy.o ./src/pm_master.o ./src/pm_mmio_access.o ./src/pm_node.o ./src/pm_notifier.o ./src/pm_periph.o ./src/pm_pll.o ./src/pm_power.o ./src/pm_proc.o ./src/pm_reset.o ./src/pm_slave.o ./src/pm_sram.o ./src/pm_system.o ./src/pm_usb.o ./src/xpfw_aib.o ./src/xpfw_core.o ./src/xpfw_error_manager.o ./src/xpfw_events.o ./src/xpfw_interrupts.o ./src/xpfw_ipi_manager.o ./src/xpfw_main.o ./src/xpfw_mod_dap.o ./src/xpfw_mod_em.o ./src/xpfw_mod_legacy.o ./src/xpfw_mod_pm.o ./src/xpfw_mod_rtc.o ./src/xpfw_mod_sched.o ./src/xpfw_module.o ./src/xpfw_platform.o ./src/xpfw_resets.o ./src/xpfw_rom_interface.o ./src/xpfw_scheduler.o ./src/xpfw_start.o ./src/xpfw_user_startup.o ./src/xpfw_util.o  ./src/xpfw_start.d  ./src/pm_api.d ./src/pm_binding.d ./src/pm_callbacks.d ./src/pm_clock.d ./src/pm_common.d ./src/pm_core.d ./src/pm_ddr.d ./src/pm_gic_proxy.d ./src/pm_master.d ./src/pm_mmio_access.d ./src/pm_node.d ./src/pm_notifier.d ./src/pm_periph.d ./src/pm_pll.d ./src/pm_power.d ./src/pm_proc.d ./src/pm_reset.d ./src/pm_slave.d ./src/pm_sram.d ./src/pm_system.d ./src/pm_usb.d ./src/xpfw_aib.d ./src/xpfw_core.d ./src/xpfw_error_manager.d ./src/xpfw_events.d ./src/xpfw_interrupts.d ./src/xpfw_ipi_manager.d ./src/xpfw_main.d ./src/xpfw_mod_dap.d ./src/xpfw_mod_em.d ./src/xpfw_mod_legacy.d ./src/xpfw_mod_pm.d ./src/xpfw_mod_rtc.d ./src/xpfw_mod_sched.d ./src/xpfw_module.d ./src/xpfw_platform.d ./src/xpfw_resets.d ./src/xpfw_rom_interface.d ./src/xpfw_scheduler.d ./src/xpfw_user_startup.d ./src/xpfw_util.d  test.elf.size  test.elf
' '
13:34:15 **** Build of project int_bsp ****
make -k all 
"Running Make include in psu_cortexa53_0/libsrc/axipmon_v6_5/src"
make -C psu_cortexa53_0/libsrc/axipmon_v6_5/src -s include  "SHELL=CMD" "COMPILER=aarch64-none-elf-gcc" "ARCHIVER=aarch64-none-elf-ar" "COMPILER_FLAGS=  -O2 -c" "EXTRA_COMPILER_FLAGS=-g"
"Running Make include in psu_cortexa53_0/libsrc/axivdma_v6_2/src"
make -C psu_cortexa53_0/libsrc/axivdma_v6_2/src -s include  "SHELL=CMD" "COMPILER=aarch64-none-elf-gcc" "ARCHIVER=aarch64-none-elf-ar" "COMPILER_FLAGS=  -O2 -c" "EXTRA_COMPILER_FLAGS=-g"
"Running Make include in psu_cortexa53_0/libsrc/bram_v4_1/src"
make -C psu_cortexa53_0/libsrc/bram_v4_1/src -s include  "SHELL=CMD" "COMPILER=aarch64-none-elf-gcc" "ARCHIVER=aarch64-none-elf-ar" "COMPILER_FLAGS=  -O2 -c" "EXTRA_COMPILER_FLAGS=-g"
"Running Make include in psu_cortexa53_0/libsrc/coresightps_dcc_v1_3/src"
make -C psu_cortexa53_0/libsrc/coresightps_dcc_v1_3/src -s include  "SHELL=CMD" "COMPILER=aarch64-none-elf-gcc" "ARCHIVER=aarch64-none-elf-ar" "COMPILER_FLAGS=  -O2 -c" "EXTRA_COMPILER_FLAGS=-g"
"Running Make include in psu_cortexa53_0/libsrc/cpu_cortexa53_v1_2/src"
make -C psu_cortexa53_0/libsrc/cpu_cortexa53_v1_2/src -s include  "SHELL=CMD" "COMPILER=aarch64-none-elf-gcc" "ARCHIVER=aarch64-none-elf-ar" "COMPILER_FLAGS=  -O2 -c" "EXTRA_COMPILER_FLAGS=-g"
"Running Make include in psu_cortexa53_0/libsrc/csudma_v1_1/src"
make -C psu_cortexa53_0/libsrc/csudma_v1_1/src -s include  "SHELL=CMD" "COMPILER=aarch64-none-elf-gcc" "ARCHIVER=aarch64-none-elf-ar" "COMPILER_FLAGS=  -O2 -c" "EXTRA_COMPILER_FLAGS=-g"
"Running Make include in psu_cortexa53_0/libsrc/ddrcpsu_v1_1/src"
make -C psu_cortexa53_0/libsrc/ddrcpsu_v1_1/src -s include  "SHELL=CMD" "COMPILER=aarch64-none-elf-gcc" "ARCHIVER=aarch64-none-elf-ar" "COMPILER_FLAGS=  -O2 -c" "EXTRA_COMPILER_FLAGS=-g"
"Running Make include in psu_cortexa53_0/libsrc/emacps_v3_3/src"
make -C psu_cortexa53_0/libsrc/emacps_v3_3/src -s include  "SHELL=CMD" "COMPILER=aarch64-none-elf-gcc" "ARCHIVER=aarch64-none-elf-ar" "COMPILER_FLAGS=  -O2 -c" "EXTRA_COMPILER_FLAGS=-g"
"Running Make include in psu_cortexa53_0/libsrc/gpiops_v3_1/src"
make -C psu_cortexa53_0/libsrc/gpiops_v3_1/src -s include  "SHELL=CMD" "COMPILER=aarch64-none-elf-gcc" "ARCHIVER=aarch64-none-elf-ar" "COMPILER_FLAGS=  -O2 -c" "EXTRA_COMPILER_FLAGS=-g"
"Running Make include in psu_cortexa53_0/libsrc/iicps_v3_4/src"
make -C psu_cortexa53_0/libsrc/iicps_v3_4/src -s include  "SHELL=CMD" "COMPILER=aarch64-none-elf-gcc" "ARCHIVER=aarch64-none-elf-ar" "COMPILER_FLAGS=  -O2 -c" "EXTRA_COMPILER_FLAGS=-g"
"Running Make include in psu_cortexa53_0/libsrc/ipipsu_v2_1/src"
make -C psu_cortexa53_0/libsrc/ipipsu_v2_1/src -s include  "SHELL=CMD" "COMPILER=aarch64-none-elf-gcc" "ARCHIVER=aarch64-none-elf-ar" "COMPILER_FLAGS=  -O2 -c" "EXTRA_COMPILER_FLAGS=-g"
"Running Make include in psu_cortexa53_0/libsrc/qspipsu_v1_3/src"
make -C psu_cortexa53_0/libsrc/qspipsu_v1_3/src -s include  "SHELL=CMD" "COMPILER=aarch64-none-elf-gcc" "ARCHIVER=aarch64-none-elf-ar" "COMPILER_FLAGS=  -O2 -c" "EXTRA_COMPILER_FLAGS=-g"
"Running Make include in psu_cortexa53_0/libsrc/rtcpsu_v1_3/src"
make -C psu_cortexa53_0/libsrc/rtcpsu_v1_3/src -s include  "SHELL=CMD" "COMPILER=aarch64-none-elf-gcc" "ARCHIVER=aarch64-none-elf-ar" "COMPILER_FLAGS=  -O2 -c" "EXTRA_COMPILER_FLAGS=-g"
"Running Make include in psu_cortexa53_0/libsrc/scugic_v3_5/src"
make -C psu_cortexa53_0/libsrc/scugic_v3_5/src -s include  "SHELL=CMD" "COMPILER=aarch64-none-elf-gcc" "ARCHIVER=aarch64-none-elf-ar" "COMPILER_FLAGS=  -O2 -c" "EXTRA_COMPILER_FLAGS=-g"
"Running Make include in psu_cortexa53_0/libsrc/sdps_v3_1/src"
make -C psu_cortexa53_0/libsrc/sdps_v3_1/src -s include  "SHELL=CMD" "COMPILER=aarch64-none-elf-gcc" "ARCHIVER=aarch64-none-elf-ar" "COMPILER_FLAGS=  -O2 -c" "EXTRA_COMPILER_FLAGS=-g"
"Running Make include in psu_cortexa53_0/libsrc/standalone_v6_1/src"
make -C psu_cortexa53_0/libsrc/standalone_v6_1/src -s include  "SHELL=CMD" "COMPILER=aarch64-none-elf-gcc" "ARCHIVER=aarch64-none-elf-ar" "COMPILER_FLAGS=  -O2 -c" "EXTRA_COMPILER_FLAGS=-g"
"Running Make include in psu_cortexa53_0/libsrc/sysmonpsu_v2_0/src"
make -C psu_cortexa53_0/libsrc/sysmonpsu_v2_0/src -s include  "SHELL=CMD" "COMPILER=aarch64-none-elf-gcc" "ARCHIVER=aarch64-none-elf-ar" "COMPILER_FLAGS=  -O2 -c" "EXTRA_COMPILER_FLAGS=-g"
"Running Make include in psu_cortexa53_0/libsrc/ttcps_v3_2/src"
make -C psu_cortexa53_0/libsrc/ttcps_v3_2/src -s include  "SHELL=CMD" "COMPILER=aarch64-none-elf-gcc" "ARCHIVER=aarch64-none-elf-ar" "COMPILER_FLAGS=  -O2 -c" "EXTRA_COMPILER_FLAGS=-g"
"Running Make include in psu_cortexa53_0/libsrc/uartps_v3_3/src"
make -C psu_cortexa53_0/libsrc/uartps_v3_3/src -s include  "SHELL=CMD" "COMPILER=aarch64-none-elf-gcc" "ARCHIVER=aarch64-none-elf-ar" "COMPILER_FLAGS=  -O2 -c" "EXTRA_COMPILER_FLAGS=-g"
"Running Make include in psu_cortexa53_0/libsrc/usbpsu_v1_1/src"
make -C psu_cortexa53_0/libsrc/usbpsu_v1_1/src -s include  "SHELL=CMD" "COMPILER=aarch64-none-elf-gcc" "ARCHIVER=aarch64-none-elf-ar" "COMPILER_FLAGS=  -O2 -c" "EXTRA_COMPILER_FLAGS=-g"
"Running Make include in psu_cortexa53_0/libsrc/v_tpg_v8_0/src"
make -C psu_cortexa53_0/libsrc/v_tpg_v8_0/src -s include  "SHELL=CMD" "COMPILER=aarch64-none-elf-gcc" "ARCHIVER=aarch64-none-elf-ar" "COMPILER_FLAGS=  -O2 -c" "EXTRA_COMPILER_FLAGS=-g"
"Running Make include in psu_cortexa53_0/libsrc/video_common_v4_0/src"
make -C psu_cortexa53_0/libsrc/video_common_v4_0/src -s include  "SHELL=CMD" "COMPILER=aarch64-none-elf-gcc" "ARCHIVER=aarch64-none-elf-ar" "COMPILER_FLAGS=  -O2 -c" "EXTRA_COMPILER_FLAGS=-g"
"Running Make include in psu_cortexa53_0/libsrc/wdtps_v3_0/src"
make -C psu_cortexa53_0/libsrc/wdtps_v3_0/src -s include  "SHELL=CMD" "COMPILER=aarch64-none-elf-gcc" "ARCHIVER=aarch64-none-elf-ar" "COMPILER_FLAGS=  -O2 -c" "EXTRA_COMPILER_FLAGS=-g"
"Running Make include in psu_cortexa53_0/libsrc/xilffs_v3_5/src"
make -C psu_cortexa53_0/libsrc/xilffs_v3_5/src -s include  "SHELL=CMD" "COMPILER=aarch64-none-elf-gcc" "ARCHIVER=aarch64-none-elf-ar" "COMPILER_FLAGS=  -O2 -c" "EXTRA_COMPILER_FLAGS=-g"
"Running Make include in psu_cortexa53_0/libsrc/xilpm_v2_0/src"
make -C psu_cortexa53_0/libsrc/xilpm_v2_0/src -s include  "SHELL=CMD" "COMPILER=aarch64-none-elf-gcc" "ARCHIVER=aarch64-none-elf-ar" "COMPILER_FLAGS=  -O2 -c" "EXTRA_COMPILER_FLAGS=-g"
"Include files for this library have already been copied."
"Running Make include in psu_cortexa53_0/libsrc/xilsecure_v1_2/src"
make -C psu_cortexa53_0/libsrc/xilsecure_v1_2/src -s include  "SHELL=CMD" "COMPILER=aarch64-none-elf-gcc" "ARCHIVER=aarch64-none-elf-ar" "COMPILER_FLAGS=  -O2 -c" "EXTRA_COMPILER_FLAGS=-g"
"Running Make include in psu_cortexa53_0/libsrc/zdma_v1_1/src"
make -C psu_cortexa53_0/libsrc/zdma_v1_1/src -s include  "SHELL=CMD" "COMPILER=aarch64-none-elf-gcc" "ARCHIVER=aarch64-none-elf-ar" "COMPILER_FLAGS=  -O2 -c" "EXTRA_COMPILER_FLAGS=-g"
"Running Make libs in psu_cortexa53_0/libsrc/axipmon_v6_5/src"
make -C psu_cortexa53_0/libsrc/axipmon_v6_5/src -s libs  "SHELL=CMD" "COMPILER=aarch64-none-elf-gcc" "ARCHIVER=aarch64-none-elf-ar" "COMPILER_FLAGS=  -O2 -c" "EXTRA_COMPILER_FLAGS=-g"
"Compiling axipmon"
aarch64-none-elf-ar: creating ../../../lib/libxil.a
"Running Make libs in psu_cortexa53_0/libsrc/axivdma_v6_2/src"
make -C psu_cortexa53_0/libsrc/axivdma_v6_2/src -s libs  "SHELL=CMD" "COMPILER=aarch64-none-elf-gcc" "ARCHIVER=aarch64-none-elf-ar" "COMPILER_FLAGS=  -O2 -c" "EXTRA_COMPILER_FLAGS=-g"
"Compiling axivdma"
"Running Make libs in psu_cortexa53_0/libsrc/bram_v4_1/src"
make -C psu_cortexa53_0/libsrc/bram_v4_1/src -s libs  "SHELL=CMD" "COMPILER=aarch64-none-elf-gcc" "ARCHIVER=aarch64-none-elf-ar" "COMPILER_FLAGS=  -O2 -c" "EXTRA_COMPILER_FLAGS=-g"
"Compiling bram"
"Running Make libs in psu_cortexa53_0/libsrc/coresightps_dcc_v1_3/src"
make -C psu_cortexa53_0/libsrc/coresightps_dcc_v1_3/src -s libs  "SHELL=CMD" "COMPILER=aarch64-none-elf-gcc" "ARCHIVER=aarch64-none-elf-ar" "COMPILER_FLAGS=  -O2 -c" "EXTRA_COMPILER_FLAGS=-g"
"Compiling coresightps_dcc"
"Running Make libs in psu_cortexa53_0/libsrc/cpu_cortexa53_v1_2/src"
make -C psu_cortexa53_0/libsrc/cpu_cortexa53_v1_2/src -s libs  "SHELL=CMD" "COMPILER=aarch64-none-elf-gcc" "ARCHIVER=aarch64-none-elf-ar" "COMPILER_FLAGS=  -O2 -c" "EXTRA_COMPILER_FLAGS=-g"
"Compiling cpu_cortexa53"
"Running Make libs in psu_cortexa53_0/libsrc/csudma_v1_1/src"
make -C psu_cortexa53_0/libsrc/csudma_v1_1/src -s libs  "SHELL=CMD" "COMPILER=aarch64-none-elf-gcc" "ARCHIVER=aarch64-none-elf-ar" "COMPILER_FLAGS=  -O2 -c" "EXTRA_COMPILER_FLAGS=-g"
"Compiling csudma"
"Running Make libs in psu_cortexa53_0/libsrc/ddrcpsu_v1_1/src"
make -C psu_cortexa53_0/libsrc/ddrcpsu_v1_1/src -s libs  "SHELL=CMD" "COMPILER=aarch64-none-elf-gcc" "ARCHIVER=aarch64-none-elf-ar" "COMPILER_FLAGS=  -O2 -c" "EXTRA_COMPILER_FLAGS=-g"
"Compiling ddrcpsu"
"Running Make libs in psu_cortexa53_0/libsrc/emacps_v3_3/src"
make -C psu_cortexa53_0/libsrc/emacps_v3_3/src -s libs  "SHELL=CMD" "COMPILER=aarch64-none-elf-gcc" "ARCHIVER=aarch64-none-elf-ar" "COMPILER_FLAGS=  -O2 -c" "EXTRA_COMPILER_FLAGS=-g"
"Compiling emacps"
"Running Make libs in psu_cortexa53_0/libsrc/gpiops_v3_1/src"
make -C psu_cortexa53_0/libsrc/gpiops_v3_1/src -s libs  "SHELL=CMD" "COMPILER=aarch64-none-elf-gcc" "ARCHIVER=aarch64-none-elf-ar" "COMPILER_FLAGS=  -O2 -c" "EXTRA_COMPILER_FLAGS=-g"
"Compiling gpiops"
"Running Make libs in psu_cortexa53_0/libsrc/iicps_v3_4/src"
make -C psu_cortexa53_0/libsrc/iicps_v3_4/src -s libs  "SHELL=CMD" "COMPILER=aarch64-none-elf-gcc" "ARCHIVER=aarch64-none-elf-ar" "COMPILER_FLAGS=  -O2 -c" "EXTRA_COMPILER_FLAGS=-g"
"Compiling iicps"
"Running Make libs in psu_cortexa53_0/libsrc/ipipsu_v2_1/src"
make -C psu_cortexa53_0/libsrc/ipipsu_v2_1/src -s libs  "SHELL=CMD" "COMPILER=aarch64-none-elf-gcc" "ARCHIVER=aarch64-none-elf-ar" "COMPILER_FLAGS=  -O2 -c" "EXTRA_COMPILER_FLAGS=-g"
"Compiling ipipsu"
"Running Make libs in psu_cortexa53_0/libsrc/qspipsu_v1_3/src"
make -C psu_cortexa53_0/libsrc/qspipsu_v1_3/src -s libs  "SHELL=CMD" "COMPILER=aarch64-none-elf-gcc" "ARCHIVER=aarch64-none-elf-ar" "COMPILER_FLAGS=  -O2 -c" "EXTRA_COMPILER_FLAGS=-g"
"Compiling qspipsu"
"Running Make libs in psu_cortexa53_0/libsrc/rtcpsu_v1_3/src"
make -C psu_cortexa53_0/libsrc/rtcpsu_v1_3/src -s libs  "SHELL=CMD" "COMPILER=aarch64-none-elf-gcc" "ARCHIVER=aarch64-none-elf-ar" "COMPILER_FLAGS=  -O2 -c" "EXTRA_COMPILER_FLAGS=-g"
"Compiling rtcpsu"
"Running Make libs in psu_cortexa53_0/libsrc/scugic_v3_5/src"
make -C psu_cortexa53_0/libsrc/scugic_v3_5/src -s libs  "SHELL=CMD" "COMPILER=aarch64-none-elf-gcc" "ARCHIVER=aarch64-none-elf-ar" "COMPILER_FLAGS=  -O2 -c" "EXTRA_COMPILER_FLAGS=-g"
"Compiling scugic"
"Running Make libs in psu_cortexa53_0/libsrc/sdps_v3_1/src"
make -C psu_cortexa53_0/libsrc/sdps_v3_1/src -s libs  "SHELL=CMD" "COMPILER=aarch64-none-elf-gcc" "ARCHIVER=aarch64-none-elf-ar" "COMPILER_FLAGS=  -O2 -c" "EXTRA_COMPILER_FLAGS=-g"
"Compiling sdps"
"Running Make libs in psu_cortexa53_0/libsrc/standalone_v6_1/src"
make -C psu_cortexa53_0/libsrc/standalone_v6_1/src -s libs  "SHELL=CMD" "COMPILER=aarch64-none-elf-gcc" "ARCHIVER=aarch64-none-elf-ar" "COMPILER_FLAGS=  -O2 -c" "EXTRA_COMPILER_FLAGS=-g"
"Compiling standalone A53"
"Running Make libs in psu_cortexa53_0/libsrc/sysmonpsu_v2_0/src"
make -C psu_cortexa53_0/libsrc/sysmonpsu_v2_0/src -s libs  "SHELL=CMD" "COMPILER=aarch64-none-elf-gcc" "ARCHIVER=aarch64-none-elf-ar" "COMPILER_FLAGS=  -O2 -c" "EXTRA_COMPILER_FLAGS=-g"
"Compiling sysmonpsu"
"Running Make libs in psu_cortexa53_0/libsrc/ttcps_v3_2/src"
make -C psu_cortexa53_0/libsrc/ttcps_v3_2/src -s libs  "SHELL=CMD" "COMPILER=aarch64-none-elf-gcc" "ARCHIVER=aarch64-none-elf-ar" "COMPILER_FLAGS=  -O2 -c" "EXTRA_COMPILER_FLAGS=-g"
"Compiling ttcps"
"Running Make libs in psu_cortexa53_0/libsrc/uartps_v3_3/src"
make -C psu_cortexa53_0/libsrc/uartps_v3_3/src -s libs  "SHELL=CMD" "COMPILER=aarch64-none-elf-gcc" "ARCHIVER=aarch64-none-elf-ar" "COMPILER_FLAGS=  -O2 -c" "EXTRA_COMPILER_FLAGS=-g"
"Compiling uartps"
"Running Make libs in psu_cortexa53_0/libsrc/usbpsu_v1_1/src"
make -C psu_cortexa53_0/libsrc/usbpsu_v1_1/src -s libs  "SHELL=CMD" "COMPILER=aarch64-none-elf-gcc" "ARCHIVER=aarch64-none-elf-ar" "COMPILER_FLAGS=  -O2 -c" "EXTRA_COMPILER_FLAGS=-g"
"Compiling usbpsu"
"Running Make libs in psu_cortexa53_0/libsrc/v_tpg_v8_0/src"
make -C psu_cortexa53_0/libsrc/v_tpg_v8_0/src -s libs  "SHELL=CMD" "COMPILER=aarch64-none-elf-gcc" "ARCHIVER=aarch64-none-elf-ar" "COMPILER_FLAGS=  -O2 -c" "EXTRA_COMPILER_FLAGS=-g"
"Compiling v_tpg"
"Running Make libs in psu_cortexa53_0/libsrc/video_common_v4_0/src"
make -C psu_cortexa53_0/libsrc/video_common_v4_0/src -s libs  "SHELL=CMD" "COMPILER=aarch64-none-elf-gcc" "ARCHIVER=aarch64-none-elf-ar" "COMPILER_FLAGS=  -O2 -c" "EXTRA_COMPILER_FLAGS=-g"
"Compiling video_common"
"Running Make libs in psu_cortexa53_0/libsrc/wdtps_v3_0/src"
make -C psu_cortexa53_0/libsrc/wdtps_v3_0/src -s libs  "SHELL=CMD" "COMPILER=aarch64-none-elf-gcc" "ARCHIVER=aarch64-none-elf-ar" "COMPILER_FLAGS=  -O2 -c" "EXTRA_COMPILER_FLAGS=-g"
"Compiling wdtps"
"Running Make libs in psu_cortexa53_0/libsrc/xilffs_v3_5/src"
make -C psu_cortexa53_0/libsrc/xilffs_v3_5/src -s libs  "SHELL=CMD" "COMPILER=aarch64-none-elf-gcc" "ARCHIVER=aarch64-none-elf-ar" "COMPILER_FLAGS=  -O2 -c" "EXTRA_COMPILER_FLAGS=-g"
"Compiling XilFFs Library"
"Running Make libs in psu_cortexa53_0/libsrc/xilpm_v2_0/src"
make -C psu_cortexa53_0/libsrc/xilpm_v2_0/src -s libs  "SHELL=CMD" "COMPILER=aarch64-none-elf-gcc" "ARCHIVER=aarch64-none-elf-ar" "COMPILER_FLAGS=  -O2 -c" "EXTRA_COMPILER_FLAGS=-g"
"Compiling xilpm library"
aarch64-none-elf-ar: creating ../../../lib/libxilpm.a
"Running Make libs in psu_cortexa53_0/libsrc/xilsecure_v1_2/src"
make -C psu_cortexa53_0/libsrc/xilsecure_v1_2/src -s libs  "SHELL=CMD" "COMPILER=aarch64-none-elf-gcc" "ARCHIVER=aarch64-none-elf-ar" "COMPILER_FLAGS=  -O2 -c" "EXTRA_COMPILER_FLAGS=-g"
"Compiling XilSecure Library"
"Running Make libs in psu_cortexa53_0/libsrc/zdma_v1_1/src"
make -C psu_cortexa53_0/libsrc/zdma_v1_1/src -s libs  "SHELL=CMD" "COMPILER=aarch64-none-elf-gcc" "ARCHIVER=aarch64-none-elf-ar" "COMPILER_FLAGS=  -O2 -c" "EXTRA_COMPILER_FLAGS=-g"
"Compiling zdma"
'Finished building libraries'
13:34:51 **** Build of configuration Debug for project tpg_vdma ****
make all 
'Building file: ../src/helloworld.c'
'Invoking: ARM A53 gcc compiler'
aarch64-none-elf-gcc -Wall -O0 -g3 -c -fmessage-length=0 -MT"src/helloworld.o" -I../../int_bsp/psu_cortexa53_0/include -MMD -MP -MF"src/helloworld.d" -MT"src/helloworld.o" -o "src/helloworld.o" "../src/helloworld.c"
../src/helloworld.c: In function 'main':
../src/helloworld.c:75:35: warning: cast from pointer to integer of different size [-Wpointer-to-int-cast]
  vdmaDMA.FrameStoreStartAddr[0] = (u32)  pFrames[0];
                                   ^
../src/helloworld.c:27:19: warning: unused variable 'status' [-Wunused-variable]
  u32 height,width,status;
                   ^
../src/helloworld.c:27:13: warning: unused variable 'width' [-Wunused-variable]
  u32 height,width,status;
             ^
../src/helloworld.c:27:6: warning: unused variable 'height' [-Wunused-variable]
  u32 height,width,status;
      ^
'Finished building: ../src/helloworld.c'
' '
'Building file: ../src/platform.c'
'Invoking: ARM A53 gcc compiler'
aarch64-none-elf-gcc -Wall -O0 -g3 -c -fmessage-length=0 -MT"src/platform.o" -I../../int_bsp/psu_cortexa53_0/include -MMD -MP -MF"src/platform.d" -MT"src/platform.o" -o "src/platform.o" "../src/platform.c"
'Finished building: ../src/platform.c'
' '
'Building target: tpg_vdma.elf'
'Invoking: ARM A53 gcc linker'
aarch64-none-elf-gcc -Wl,-T -Wl,../src/lscript.ld -L../../int_bsp/psu_cortexa53_0/lib -o "tpg_vdma.elf"  ./src/helloworld.o ./src/platform.o   -Wl,--start-group,-lxil,-lgcc,-lc,--end-group -Wl,--start-group,-lxilffs,-lxil,-lgcc,-lc,--end-group -Wl,--start-group,-lxilsecure,-lxil,-lgcc,-lc,--end-group -Wl,--start-group,-lxilpm,-lxil,-lgcc,-lc,--end-group
'Finished building target: tpg_vdma.elf'
' '
'Invoking: ARM A53 Print Size'
aarch64-none-elf-size tpg_vdma.elf  |tee "tpg_vdma.elf.size"
   text	   data	    bss	    dec	    hex	filename
  91736	   4808	5512312	5608856	 559598	tpg_vdma.elf
'Finished building: tpg_vdma.elf.size'
' '
13:34:52 **** Build of project test_bsp ****
make -k all 
"Running Make include in psu_pmu_0/libsrc/axipmon_v6_5/src"
make -C psu_pmu_0/libsrc/axipmon_v6_5/src -s include  "SHELL=CMD" "COMPILER=mb-gcc" "ARCHIVER=mb-ar" "COMPILER_FLAGS=  -O2 -c -mcpu=v9.2 -mlittle-endian -mxl-barrel-shift -mxl-pattern-compare -mxl-soft-mul" "EXTRA_COMPILER_FLAGS=-g"
"Running Make include in psu_pmu_0/libsrc/axivdma_v6_2/src"
make -C psu_pmu_0/libsrc/axivdma_v6_2/src -s include  "SHELL=CMD" "COMPILER=mb-gcc" "ARCHIVER=mb-ar" "COMPILER_FLAGS=  -O2 -c -mcpu=v9.2 -mlittle-endian -mxl-barrel-shift -mxl-pattern-compare -mxl-soft-mul" "EXTRA_COMPILER_FLAGS=-g"
"Running Make include in psu_pmu_0/libsrc/bram_v4_1/src"
make -C psu_pmu_0/libsrc/bram_v4_1/src -s include  "SHELL=CMD" "COMPILER=mb-gcc" "ARCHIVER=mb-ar" "COMPILER_FLAGS=  -O2 -c -mcpu=v9.2 -mlittle-endian -mxl-barrel-shift -mxl-pattern-compare -mxl-soft-mul" "EXTRA_COMPILER_FLAGS=-g"
"Running Make include in psu_pmu_0/libsrc/cpu_v2_5/src"
make -C psu_pmu_0/libsrc/cpu_v2_5/src -s include  "SHELL=CMD" "COMPILER=mb-gcc" "ARCHIVER=mb-ar" "COMPILER_FLAGS=  -O2 -c -mcpu=v9.2 -mlittle-endian -mxl-barrel-shift -mxl-pattern-compare -mxl-soft-mul" "EXTRA_COMPILER_FLAGS=-g"
"Running Make include in psu_pmu_0/libsrc/csudma_v1_1/src"
make -C psu_pmu_0/libsrc/csudma_v1_1/src -s include  "SHELL=CMD" "COMPILER=mb-gcc" "ARCHIVER=mb-ar" "COMPILER_FLAGS=  -O2 -c -mcpu=v9.2 -mlittle-endian -mxl-barrel-shift -mxl-pattern-compare -mxl-soft-mul" "EXTRA_COMPILER_FLAGS=-g"
"Running Make include in psu_pmu_0/libsrc/ddrcpsu_v1_1/src"
make -C psu_pmu_0/libsrc/ddrcpsu_v1_1/src -s include  "SHELL=CMD" "COMPILER=mb-gcc" "ARCHIVER=mb-ar" "COMPILER_FLAGS=  -O2 -c -mcpu=v9.2 -mlittle-endian -mxl-barrel-shift -mxl-pattern-compare -mxl-soft-mul" "EXTRA_COMPILER_FLAGS=-g"
"Running Make include in psu_pmu_0/libsrc/emacps_v3_3/src"
make -C psu_pmu_0/libsrc/emacps_v3_3/src -s include  "SHELL=CMD" "COMPILER=mb-gcc" "ARCHIVER=mb-ar" "COMPILER_FLAGS=  -O2 -c -mcpu=v9.2 -mlittle-endian -mxl-barrel-shift -mxl-pattern-compare -mxl-soft-mul" "EXTRA_COMPILER_FLAGS=-g"
"Running Make include in psu_pmu_0/libsrc/gpiops_v3_1/src"
make -C psu_pmu_0/libsrc/gpiops_v3_1/src -s include  "SHELL=CMD" "COMPILER=mb-gcc" "ARCHIVER=mb-ar" "COMPILER_FLAGS=  -O2 -c -mcpu=v9.2 -mlittle-endian -mxl-barrel-shift -mxl-pattern-compare -mxl-soft-mul" "EXTRA_COMPILER_FLAGS=-g"
"Running Make include in psu_pmu_0/libsrc/iicps_v3_4/src"
make -C psu_pmu_0/libsrc/iicps_v3_4/src -s include  "SHELL=CMD" "COMPILER=mb-gcc" "ARCHIVER=mb-ar" "COMPILER_FLAGS=  -O2 -c -mcpu=v9.2 -mlittle-endian -mxl-barrel-shift -mxl-pattern-compare -mxl-soft-mul" "EXTRA_COMPILER_FLAGS=-g"
"Running Make include in psu_pmu_0/libsrc/ipipsu_v2_1/src"
make -C psu_pmu_0/libsrc/ipipsu_v2_1/src -s include  "SHELL=CMD" "COMPILER=mb-gcc" "ARCHIVER=mb-ar" "COMPILER_FLAGS=  -O2 -c -mcpu=v9.2 -mlittle-endian -mxl-barrel-shift -mxl-pattern-compare -mxl-soft-mul" "EXTRA_COMPILER_FLAGS=-g"
"Running Make include in psu_pmu_0/libsrc/qspipsu_v1_3/src"
make -C psu_pmu_0/libsrc/qspipsu_v1_3/src -s include  "SHELL=CMD" "COMPILER=mb-gcc" "ARCHIVER=mb-ar" "COMPILER_FLAGS=  -O2 -c -mcpu=v9.2 -mlittle-endian -mxl-barrel-shift -mxl-pattern-compare -mxl-soft-mul" "EXTRA_COMPILER_FLAGS=-g"
"Running Make include in psu_pmu_0/libsrc/rtcpsu_v1_3/src"
make -C psu_pmu_0/libsrc/rtcpsu_v1_3/src -s include  "SHELL=CMD" "COMPILER=mb-gcc" "ARCHIVER=mb-ar" "COMPILER_FLAGS=  -O2 -c -mcpu=v9.2 -mlittle-endian -mxl-barrel-shift -mxl-pattern-compare -mxl-soft-mul" "EXTRA_COMPILER_FLAGS=-g"
"Running Make include in psu_pmu_0/libsrc/sdps_v3_1/src"
make -C psu_pmu_0/libsrc/sdps_v3_1/src -s include  "SHELL=CMD" "COMPILER=mb-gcc" "ARCHIVER=mb-ar" "COMPILER_FLAGS=  -O2 -c -mcpu=v9.2 -mlittle-endian -mxl-barrel-shift -mxl-pattern-compare -mxl-soft-mul" "EXTRA_COMPILER_FLAGS=-g"
"Running Make include in psu_pmu_0/libsrc/standalone_v6_1/src"
make -C psu_pmu_0/libsrc/standalone_v6_1/src -s include  "SHELL=CMD" "COMPILER=mb-gcc" "ARCHIVER=mb-ar" "COMPILER_FLAGS=  -O2 -c -mcpu=v9.2 -mlittle-endian -mxl-barrel-shift -mxl-pattern-compare -mxl-soft-mul" "EXTRA_COMPILER_FLAGS=-g"
"Running Make include in psu_pmu_0/libsrc/sysmonpsu_v2_0/src"
make -C psu_pmu_0/libsrc/sysmonpsu_v2_0/src -s include  "SHELL=CMD" "COMPILER=mb-gcc" "ARCHIVER=mb-ar" "COMPILER_FLAGS=  -O2 -c -mcpu=v9.2 -mlittle-endian -mxl-barrel-shift -mxl-pattern-compare -mxl-soft-mul" "EXTRA_COMPILER_FLAGS=-g"
"Running Make include in psu_pmu_0/libsrc/ttcps_v3_2/src"
make -C psu_pmu_0/libsrc/ttcps_v3_2/src -s include  "SHELL=CMD" "COMPILER=mb-gcc" "ARCHIVER=mb-ar" "COMPILER_FLAGS=  -O2 -c -mcpu=v9.2 -mlittle-endian -mxl-barrel-shift -mxl-pattern-compare -mxl-soft-mul" "EXTRA_COMPILER_FLAGS=-g"
"Running Make include in psu_pmu_0/libsrc/uartps_v3_3/src"
make -C psu_pmu_0/libsrc/uartps_v3_3/src -s include  "SHELL=CMD" "COMPILER=mb-gcc" "ARCHIVER=mb-ar" "COMPILER_FLAGS=  -O2 -c -mcpu=v9.2 -mlittle-endian -mxl-barrel-shift -mxl-pattern-compare -mxl-soft-mul" "EXTRA_COMPILER_FLAGS=-g"
"Running Make include in psu_pmu_0/libsrc/usbpsu_v1_1/src"
make -C psu_pmu_0/libsrc/usbpsu_v1_1/src -s include  "SHELL=CMD" "COMPILER=mb-gcc" "ARCHIVER=mb-ar" "COMPILER_FLAGS=  -O2 -c -mcpu=v9.2 -mlittle-endian -mxl-barrel-shift -mxl-pattern-compare -mxl-soft-mul" "EXTRA_COMPILER_FLAGS=-g"
"Running Make include in psu_pmu_0/libsrc/v_tpg_v8_0/src"
make -C psu_pmu_0/libsrc/v_tpg_v8_0/src -s include  "SHELL=CMD" "COMPILER=mb-gcc" "ARCHIVER=mb-ar" "COMPILER_FLAGS=  -O2 -c -mcpu=v9.2 -mlittle-endian -mxl-barrel-shift -mxl-pattern-compare -mxl-soft-mul" "EXTRA_COMPILER_FLAGS=-g"
"Running Make include in psu_pmu_0/libsrc/video_common_v4_0/src"
make -C psu_pmu_0/libsrc/video_common_v4_0/src -s include  "SHELL=CMD" "COMPILER=mb-gcc" "ARCHIVER=mb-ar" "COMPILER_FLAGS=  -O2 -c -mcpu=v9.2 -mlittle-endian -mxl-barrel-shift -mxl-pattern-compare -mxl-soft-mul" "EXTRA_COMPILER_FLAGS=-g"
"Running Make include in psu_pmu_0/libsrc/wdtps_v3_0/src"
make -C psu_pmu_0/libsrc/wdtps_v3_0/src -s include  "SHELL=CMD" "COMPILER=mb-gcc" "ARCHIVER=mb-ar" "COMPILER_FLAGS=  -O2 -c -mcpu=v9.2 -mlittle-endian -mxl-barrel-shift -mxl-pattern-compare -mxl-soft-mul" "EXTRA_COMPILER_FLAGS=-g"
"Running Make include in psu_pmu_0/libsrc/xilfpga_v1_1/src"
make -C psu_pmu_0/libsrc/xilfpga_v1_1/src -s include  "SHELL=CMD" "COMPILER=mb-gcc" "ARCHIVER=mb-ar" "COMPILER_FLAGS=  -O2 -c -mcpu=v9.2 -mlittle-endian -mxl-barrel-shift -mxl-pattern-compare -mxl-soft-mul" "EXTRA_COMPILER_FLAGS=-g"
"Running Make include in psu_pmu_0/libsrc/zdma_v1_1/src"
make -C psu_pmu_0/libsrc/zdma_v1_1/src -s include  "SHELL=CMD" "COMPILER=mb-gcc" "ARCHIVER=mb-ar" "COMPILER_FLAGS=  -O2 -c -mcpu=v9.2 -mlittle-endian -mxl-barrel-shift -mxl-pattern-compare -mxl-soft-mul" "EXTRA_COMPILER_FLAGS=-g"
"Running Make libs in psu_pmu_0/libsrc/axipmon_v6_5/src"
make -C psu_pmu_0/libsrc/axipmon_v6_5/src -s libs  "SHELL=CMD" "COMPILER=mb-gcc" "ARCHIVER=mb-ar" "COMPILER_FLAGS=  -O2 -c -mcpu=v9.2 -mlittle-endian -mxl-barrel-shift -mxl-pattern-compare -mxl-soft-mul" "EXTRA_COMPILER_FLAGS=-g"
"Compiling axipmon"
mb-ar: creating ../../../lib/libxil.a
"Running Make libs in psu_pmu_0/libsrc/axivdma_v6_2/src"
make -C psu_pmu_0/libsrc/axivdma_v6_2/src -s libs  "SHELL=CMD" "COMPILER=mb-gcc" "ARCHIVER=mb-ar" "COMPILER_FLAGS=  -O2 -c -mcpu=v9.2 -mlittle-endian -mxl-barrel-shift -mxl-pattern-compare -mxl-soft-mul" "EXTRA_COMPILER_FLAGS=-g"
"Compiling axivdma"
"Running Make libs in psu_pmu_0/libsrc/bram_v4_1/src"
make -C psu_pmu_0/libsrc/bram_v4_1/src -s libs  "SHELL=CMD" "COMPILER=mb-gcc" "ARCHIVER=mb-ar" "COMPILER_FLAGS=  -O2 -c -mcpu=v9.2 -mlittle-endian -mxl-barrel-shift -mxl-pattern-compare -mxl-soft-mul" "EXTRA_COMPILER_FLAGS=-g"
"Compiling bram"
"Running Make libs in psu_pmu_0/libsrc/cpu_v2_5/src"
make -C psu_pmu_0/libsrc/cpu_v2_5/src -s libs  "SHELL=CMD" "COMPILER=mb-gcc" "ARCHIVER=mb-ar" "COMPILER_FLAGS=  -O2 -c -mcpu=v9.2 -mlittle-endian -mxl-barrel-shift -mxl-pattern-compare -mxl-soft-mul" "EXTRA_COMPILER_FLAGS=-g"
"Compiling cpu"
"Running Make libs in psu_pmu_0/libsrc/csudma_v1_1/src"
make -C psu_pmu_0/libsrc/csudma_v1_1/src -s libs  "SHELL=CMD" "COMPILER=mb-gcc" "ARCHIVER=mb-ar" "COMPILER_FLAGS=  -O2 -c -mcpu=v9.2 -mlittle-endian -mxl-barrel-shift -mxl-pattern-compare -mxl-soft-mul" "EXTRA_COMPILER_FLAGS=-g"
"Compiling csudma"
"Running Make libs in psu_pmu_0/libsrc/ddrcpsu_v1_1/src"
make -C psu_pmu_0/libsrc/ddrcpsu_v1_1/src -s libs  "SHELL=CMD" "COMPILER=mb-gcc" "ARCHIVER=mb-ar" "COMPILER_FLAGS=  -O2 -c -mcpu=v9.2 -mlittle-endian -mxl-barrel-shift -mxl-pattern-compare -mxl-soft-mul" "EXTRA_COMPILER_FLAGS=-g"
"Compiling ddrcpsu"
"Running Make libs in psu_pmu_0/libsrc/emacps_v3_3/src"
make -C psu_pmu_0/libsrc/emacps_v3_3/src -s libs  "SHELL=CMD" "COMPILER=mb-gcc" "ARCHIVER=mb-ar" "COMPILER_FLAGS=  -O2 -c -mcpu=v9.2 -mlittle-endian -mxl-barrel-shift -mxl-pattern-compare -mxl-soft-mul" "EXTRA_COMPILER_FLAGS=-g"
"Compiling emacps"
"Running Make libs in psu_pmu_0/libsrc/gpiops_v3_1/src"
make -C psu_pmu_0/libsrc/gpiops_v3_1/src -s libs  "SHELL=CMD" "COMPILER=mb-gcc" "ARCHIVER=mb-ar" "COMPILER_FLAGS=  -O2 -c -mcpu=v9.2 -mlittle-endian -mxl-barrel-shift -mxl-pattern-compare -mxl-soft-mul" "EXTRA_COMPILER_FLAGS=-g"
"Compiling gpiops"
"Running Make libs in psu_pmu_0/libsrc/iicps_v3_4/src"
make -C psu_pmu_0/libsrc/iicps_v3_4/src -s libs  "SHELL=CMD" "COMPILER=mb-gcc" "ARCHIVER=mb-ar" "COMPILER_FLAGS=  -O2 -c -mcpu=v9.2 -mlittle-endian -mxl-barrel-shift -mxl-pattern-compare -mxl-soft-mul" "EXTRA_COMPILER_FLAGS=-g"
"Compiling iicps"
"Running Make libs in psu_pmu_0/libsrc/ipipsu_v2_1/src"
make -C psu_pmu_0/libsrc/ipipsu_v2_1/src -s libs  "SHELL=CMD" "COMPILER=mb-gcc" "ARCHIVER=mb-ar" "COMPILER_FLAGS=  -O2 -c -mcpu=v9.2 -mlittle-endian -mxl-barrel-shift -mxl-pattern-compare -mxl-soft-mul" "EXTRA_COMPILER_FLAGS=-g"
"Compiling ipipsu"
"Running Make libs in psu_pmu_0/libsrc/qspipsu_v1_3/src"
make -C psu_pmu_0/libsrc/qspipsu_v1_3/src -s libs  "SHELL=CMD" "COMPILER=mb-gcc" "ARCHIVER=mb-ar" "COMPILER_FLAGS=  -O2 -c -mcpu=v9.2 -mlittle-endian -mxl-barrel-shift -mxl-pattern-compare -mxl-soft-mul" "EXTRA_COMPILER_FLAGS=-g"
"Compiling qspipsu"
"Running Make libs in psu_pmu_0/libsrc/rtcpsu_v1_3/src"
make -C psu_pmu_0/libsrc/rtcpsu_v1_3/src -s libs  "SHELL=CMD" "COMPILER=mb-gcc" "ARCHIVER=mb-ar" "COMPILER_FLAGS=  -O2 -c -mcpu=v9.2 -mlittle-endian -mxl-barrel-shift -mxl-pattern-compare -mxl-soft-mul" "EXTRA_COMPILER_FLAGS=-g"
"Compiling rtcpsu"
"Running Make libs in psu_pmu_0/libsrc/sdps_v3_1/src"
make -C psu_pmu_0/libsrc/sdps_v3_1/src -s libs  "SHELL=CMD" "COMPILER=mb-gcc" "ARCHIVER=mb-ar" "COMPILER_FLAGS=  -O2 -c -mcpu=v9.2 -mlittle-endian -mxl-barrel-shift -mxl-pattern-compare -mxl-soft-mul" "EXTRA_COMPILER_FLAGS=-g"
"Compiling sdps"
"Running Make libs in psu_pmu_0/libsrc/standalone_v6_1/src"
make -C psu_pmu_0/libsrc/standalone_v6_1/src -s libs  "SHELL=CMD" "COMPILER=mb-gcc" "ARCHIVER=mb-ar" "COMPILER_FLAGS=  -O2 -c -mcpu=v9.2 -mlittle-endian -mxl-barrel-shift -mxl-pattern-compare -mxl-soft-mul" "EXTRA_COMPILER_FLAGS=-g"
"Compiling standalone";
"Running Make libs in psu_pmu_0/libsrc/sysmonpsu_v2_0/src"
make -C psu_pmu_0/libsrc/sysmonpsu_v2_0/src -s libs  "SHELL=CMD" "COMPILER=mb-gcc" "ARCHIVER=mb-ar" "COMPILER_FLAGS=  -O2 -c -mcpu=v9.2 -mlittle-endian -mxl-barrel-shift -mxl-pattern-compare -mxl-soft-mul" "EXTRA_COMPILER_FLAGS=-g"
"Compiling sysmonpsu"
"Running Make libs in psu_pmu_0/libsrc/ttcps_v3_2/src"
make -C psu_pmu_0/libsrc/ttcps_v3_2/src -s libs  "SHELL=CMD" "COMPILER=mb-gcc" "ARCHIVER=mb-ar" "COMPILER_FLAGS=  -O2 -c -mcpu=v9.2 -mlittle-endian -mxl-barrel-shift -mxl-pattern-compare -mxl-soft-mul" "EXTRA_COMPILER_FLAGS=-g"
"Compiling ttcps"
"Running Make libs in psu_pmu_0/libsrc/uartps_v3_3/src"
make -C psu_pmu_0/libsrc/uartps_v3_3/src -s libs  "SHELL=CMD" "COMPILER=mb-gcc" "ARCHIVER=mb-ar" "COMPILER_FLAGS=  -O2 -c -mcpu=v9.2 -mlittle-endian -mxl-barrel-shift -mxl-pattern-compare -mxl-soft-mul" "EXTRA_COMPILER_FLAGS=-g"
"Compiling uartps"
"Running Make libs in psu_pmu_0/libsrc/usbpsu_v1_1/src"
make -C psu_pmu_0/libsrc/usbpsu_v1_1/src -s libs  "SHELL=CMD" "COMPILER=mb-gcc" "ARCHIVER=mb-ar" "COMPILER_FLAGS=  -O2 -c -mcpu=v9.2 -mlittle-endian -mxl-barrel-shift -mxl-pattern-compare -mxl-soft-mul" "EXTRA_COMPILER_FLAGS=-g"
"Compiling usbpsu"
"Running Make libs in psu_pmu_0/libsrc/v_tpg_v8_0/src"
make -C psu_pmu_0/libsrc/v_tpg_v8_0/src -s libs  "SHELL=CMD" "COMPILER=mb-gcc" "ARCHIVER=mb-ar" "COMPILER_FLAGS=  -O2 -c -mcpu=v9.2 -mlittle-endian -mxl-barrel-shift -mxl-pattern-compare -mxl-soft-mul" "EXTRA_COMPILER_FLAGS=-g"
"Compiling v_tpg"
"Running Make libs in psu_pmu_0/libsrc/video_common_v4_0/src"
make -C psu_pmu_0/libsrc/video_common_v4_0/src -s libs  "SHELL=CMD" "COMPILER=mb-gcc" "ARCHIVER=mb-ar" "COMPILER_FLAGS=  -O2 -c -mcpu=v9.2 -mlittle-endian -mxl-barrel-shift -mxl-pattern-compare -mxl-soft-mul" "EXTRA_COMPILER_FLAGS=-g"
"Compiling video_common"
"Running Make libs in psu_pmu_0/libsrc/wdtps_v3_0/src"
make -C psu_pmu_0/libsrc/wdtps_v3_0/src -s libs  "SHELL=CMD" "COMPILER=mb-gcc" "ARCHIVER=mb-ar" "COMPILER_FLAGS=  -O2 -c -mcpu=v9.2 -mlittle-endian -mxl-barrel-shift -mxl-pattern-compare -mxl-soft-mul" "EXTRA_COMPILER_FLAGS=-g"
"Compiling wdtps"
"Running Make libs in psu_pmu_0/libsrc/xilfpga_v1_1/src"
make -C psu_pmu_0/libsrc/xilfpga_v1_1/src -s libs  "SHELL=CMD" "COMPILER=mb-gcc" "ARCHIVER=mb-ar" "COMPILER_FLAGS=  -O2 -c -mcpu=v9.2 -mlittle-endian -mxl-barrel-shift -mxl-pattern-compare -mxl-soft-mul" "EXTRA_COMPILER_FLAGS=-g"
"Compiling xilfpga Library"
"Running Make libs in psu_pmu_0/libsrc/zdma_v1_1/src"
make -C psu_pmu_0/libsrc/zdma_v1_1/src -s libs  "SHELL=CMD" "COMPILER=mb-gcc" "ARCHIVER=mb-ar" "COMPILER_FLAGS=  -O2 -c -mcpu=v9.2 -mlittle-endian -mxl-barrel-shift -mxl-pattern-compare -mxl-soft-mul" "EXTRA_COMPILER_FLAGS=-g"
"Compiling zdma"
'Finished building libraries'
13:35:13 **** Build of configuration Debug for project test ****
make all 
'Building file: ../src/pm_api.c'
'Invoking: MicroBlaze gcc compiler'
mb-gcc -Wall -O0 -g3 -c -fmessage-length=0 -MT"src/pm_api.o" -I../../test_bsp/psu_pmu_0/include -mlittle-endian -mxl-barrel-shift -mxl-pattern-compare -mcpu=v9.2 -mxl-soft-mul -Wl,--no-relax -MMD -MP -MF"src/pm_api.d" -MT"src/pm_api.o" -o "src/pm_api.o" "../src/pm_api.c"
'Finished building: ../src/pm_api.c'
' '
'Building file: ../src/pm_binding.c'
'Invoking: MicroBlaze gcc compiler'
mb-gcc -Wall -O0 -g3 -c -fmessage-length=0 -MT"src/pm_binding.o" -I../../test_bsp/psu_pmu_0/include -mlittle-endian -mxl-barrel-shift -mxl-pattern-compare -mcpu=v9.2 -mxl-soft-mul -Wl,--no-relax -MMD -MP -MF"src/pm_binding.d" -MT"src/pm_binding.o" -o "src/pm_binding.o" "../src/pm_binding.c"
'Finished building: ../src/pm_binding.c'
' '
'Building file: ../src/pm_callbacks.c'
'Invoking: MicroBlaze gcc compiler'
mb-gcc -Wall -O0 -g3 -c -fmessage-length=0 -MT"src/pm_callbacks.o" -I../../test_bsp/psu_pmu_0/include -mlittle-endian -mxl-barrel-shift -mxl-pattern-compare -mcpu=v9.2 -mxl-soft-mul -Wl,--no-relax -MMD -MP -MF"src/pm_callbacks.d" -MT"src/pm_callbacks.o" -o "src/pm_callbacks.o" "../src/pm_callbacks.c"
'Finished building: ../src/pm_callbacks.c'
' '
'Building file: ../src/pm_clock.c'
'Invoking: MicroBlaze gcc compiler'
mb-gcc -Wall -O0 -g3 -c -fmessage-length=0 -MT"src/pm_clock.o" -I../../test_bsp/psu_pmu_0/include -mlittle-endian -mxl-barrel-shift -mxl-pattern-compare -mcpu=v9.2 -mxl-soft-mul -Wl,--no-relax -MMD -MP -MF"src/pm_clock.d" -MT"src/pm_clock.o" -o "src/pm_clock.o" "../src/pm_clock.c"
'Finished building: ../src/pm_clock.c'
' '
'Building file: ../src/pm_common.c'
'Invoking: MicroBlaze gcc compiler'
mb-gcc -Wall -O0 -g3 -c -fmessage-length=0 -MT"src/pm_common.o" -I../../test_bsp/psu_pmu_0/include -mlittle-endian -mxl-barrel-shift -mxl-pattern-compare -mcpu=v9.2 -mxl-soft-mul -Wl,--no-relax -MMD -MP -MF"src/pm_common.d" -MT"src/pm_common.o" -o "src/pm_common.o" "../src/pm_common.c"
'Finished building: ../src/pm_common.c'
' '
'Building file: ../src/pm_core.c'
'Invoking: MicroBlaze gcc compiler'
mb-gcc -Wall -O0 -g3 -c -fmessage-length=0 -MT"src/pm_core.o" -I../../test_bsp/psu_pmu_0/include -mlittle-endian -mxl-barrel-shift -mxl-pattern-compare -mcpu=v9.2 -mxl-soft-mul -Wl,--no-relax -MMD -MP -MF"src/pm_core.d" -MT"src/pm_core.o" -o "src/pm_core.o" "../src/pm_core.c"
'Finished building: ../src/pm_core.c'
' '
'Building file: ../src/pm_ddr.c'
'Invoking: MicroBlaze gcc compiler'
mb-gcc -Wall -O0 -g3 -c -fmessage-length=0 -MT"src/pm_ddr.o" -I../../test_bsp/psu_pmu_0/include -mlittle-endian -mxl-barrel-shift -mxl-pattern-compare -mcpu=v9.2 -mxl-soft-mul -Wl,--no-relax -MMD -MP -MF"src/pm_ddr.d" -MT"src/pm_ddr.o" -o "src/pm_ddr.o" "../src/pm_ddr.c"
'Finished building: ../src/pm_ddr.c'
' '
'Building file: ../src/pm_gic_proxy.c'
'Invoking: MicroBlaze gcc compiler'
mb-gcc -Wall -O0 -g3 -c -fmessage-length=0 -MT"src/pm_gic_proxy.o" -I../../test_bsp/psu_pmu_0/include -mlittle-endian -mxl-barrel-shift -mxl-pattern-compare -mcpu=v9.2 -mxl-soft-mul -Wl,--no-relax -MMD -MP -MF"src/pm_gic_proxy.d" -MT"src/pm_gic_proxy.o" -o "src/pm_gic_proxy.o" "../src/pm_gic_proxy.c"
'Finished building: ../src/pm_gic_proxy.c'
' '
'Building file: ../src/pm_master.c'
'Invoking: MicroBlaze gcc compiler'
mb-gcc -Wall -O0 -g3 -c -fmessage-length=0 -MT"src/pm_master.o" -I../../test_bsp/psu_pmu_0/include -mlittle-endian -mxl-barrel-shift -mxl-pattern-compare -mcpu=v9.2 -mxl-soft-mul -Wl,--no-relax -MMD -MP -MF"src/pm_master.d" -MT"src/pm_master.o" -o "src/pm_master.o" "../src/pm_master.c"
'Finished building: ../src/pm_master.c'
' '
'Building file: ../src/pm_mmio_access.c'
'Invoking: MicroBlaze gcc compiler'
mb-gcc -Wall -O0 -g3 -c -fmessage-length=0 -MT"src/pm_mmio_access.o" -I../../test_bsp/psu_pmu_0/include -mlittle-endian -mxl-barrel-shift -mxl-pattern-compare -mcpu=v9.2 -mxl-soft-mul -Wl,--no-relax -MMD -MP -MF"src/pm_mmio_access.d" -MT"src/pm_mmio_access.o" -o "src/pm_mmio_access.o" "../src/pm_mmio_access.c"
'Finished building: ../src/pm_mmio_access.c'
' '
'Building file: ../src/pm_node.c'
'Invoking: MicroBlaze gcc compiler'
mb-gcc -Wall -O0 -g3 -c -fmessage-length=0 -MT"src/pm_node.o" -I../../test_bsp/psu_pmu_0/include -mlittle-endian -mxl-barrel-shift -mxl-pattern-compare -mcpu=v9.2 -mxl-soft-mul -Wl,--no-relax -MMD -MP -MF"src/pm_node.d" -MT"src/pm_node.o" -o "src/pm_node.o" "../src/pm_node.c"
'Finished building: ../src/pm_node.c'
' '
'Building file: ../src/pm_notifier.c'
'Invoking: MicroBlaze gcc compiler'
mb-gcc -Wall -O0 -g3 -c -fmessage-length=0 -MT"src/pm_notifier.o" -I../../test_bsp/psu_pmu_0/include -mlittle-endian -mxl-barrel-shift -mxl-pattern-compare -mcpu=v9.2 -mxl-soft-mul -Wl,--no-relax -MMD -MP -MF"src/pm_notifier.d" -MT"src/pm_notifier.o" -o "src/pm_notifier.o" "../src/pm_notifier.c"
'Finished building: ../src/pm_notifier.c'
' '
'Building file: ../src/pm_periph.c'
'Invoking: MicroBlaze gcc compiler'
mb-gcc -Wall -O0 -g3 -c -fmessage-length=0 -MT"src/pm_periph.o" -I../../test_bsp/psu_pmu_0/include -mlittle-endian -mxl-barrel-shift -mxl-pattern-compare -mcpu=v9.2 -mxl-soft-mul -Wl,--no-relax -MMD -MP -MF"src/pm_periph.d" -MT"src/pm_periph.o" -o "src/pm_periph.o" "../src/pm_periph.c"
'Finished building: ../src/pm_periph.c'
' '
'Building file: ../src/pm_pll.c'
'Invoking: MicroBlaze gcc compiler'
mb-gcc -Wall -O0 -g3 -c -fmessage-length=0 -MT"src/pm_pll.o" -I../../test_bsp/psu_pmu_0/include -mlittle-endian -mxl-barrel-shift -mxl-pattern-compare -mcpu=v9.2 -mxl-soft-mul -Wl,--no-relax -MMD -MP -MF"src/pm_pll.d" -MT"src/pm_pll.o" -o "src/pm_pll.o" "../src/pm_pll.c"
'Finished building: ../src/pm_pll.c'
' '
'Building file: ../src/pm_power.c'
'Invoking: MicroBlaze gcc compiler'
mb-gcc -Wall -O0 -g3 -c -fmessage-length=0 -MT"src/pm_power.o" -I../../test_bsp/psu_pmu_0/include -mlittle-endian -mxl-barrel-shift -mxl-pattern-compare -mcpu=v9.2 -mxl-soft-mul -Wl,--no-relax -MMD -MP -MF"src/pm_power.d" -MT"src/pm_power.o" -o "src/pm_power.o" "../src/pm_power.c"
'Finished building: ../src/pm_power.c'
' '
'Building file: ../src/pm_proc.c'
'Invoking: MicroBlaze gcc compiler'
mb-gcc -Wall -O0 -g3 -c -fmessage-length=0 -MT"src/pm_proc.o" -I../../test_bsp/psu_pmu_0/include -mlittle-endian -mxl-barrel-shift -mxl-pattern-compare -mcpu=v9.2 -mxl-soft-mul -Wl,--no-relax -MMD -MP -MF"src/pm_proc.d" -MT"src/pm_proc.o" -o "src/pm_proc.o" "../src/pm_proc.c"
'Finished building: ../src/pm_proc.c'
' '
'Building file: ../src/pm_reset.c'
'Invoking: MicroBlaze gcc compiler'
mb-gcc -Wall -O0 -g3 -c -fmessage-length=0 -MT"src/pm_reset.o" -I../../test_bsp/psu_pmu_0/include -mlittle-endian -mxl-barrel-shift -mxl-pattern-compare -mcpu=v9.2 -mxl-soft-mul -Wl,--no-relax -MMD -MP -MF"src/pm_reset.d" -MT"src/pm_reset.o" -o "src/pm_reset.o" "../src/pm_reset.c"
'Finished building: ../src/pm_reset.c'
' '
'Building file: ../src/pm_slave.c'
'Invoking: MicroBlaze gcc compiler'
mb-gcc -Wall -O0 -g3 -c -fmessage-length=0 -MT"src/pm_slave.o" -I../../test_bsp/psu_pmu_0/include -mlittle-endian -mxl-barrel-shift -mxl-pattern-compare -mcpu=v9.2 -mxl-soft-mul -Wl,--no-relax -MMD -MP -MF"src/pm_slave.d" -MT"src/pm_slave.o" -o "src/pm_slave.o" "../src/pm_slave.c"
'Finished building: ../src/pm_slave.c'
' '
'Building file: ../src/pm_sram.c'
'Invoking: MicroBlaze gcc compiler'
mb-gcc -Wall -O0 -g3 -c -fmessage-length=0 -MT"src/pm_sram.o" -I../../test_bsp/psu_pmu_0/include -mlittle-endian -mxl-barrel-shift -mxl-pattern-compare -mcpu=v9.2 -mxl-soft-mul -Wl,--no-relax -MMD -MP -MF"src/pm_sram.d" -MT"src/pm_sram.o" -o "src/pm_sram.o" "../src/pm_sram.c"
'Finished building: ../src/pm_sram.c'
' '
'Building file: ../src/pm_system.c'
'Invoking: MicroBlaze gcc compiler'
mb-gcc -Wall -O0 -g3 -c -fmessage-length=0 -MT"src/pm_system.o" -I../../test_bsp/psu_pmu_0/include -mlittle-endian -mxl-barrel-shift -mxl-pattern-compare -mcpu=v9.2 -mxl-soft-mul -Wl,--no-relax -MMD -MP -MF"src/pm_system.d" -MT"src/pm_system.o" -o "src/pm_system.o" "../src/pm_system.c"
'Finished building: ../src/pm_system.c'
' '
'Building file: ../src/pm_usb.c'
'Invoking: MicroBlaze gcc compiler'
mb-gcc -Wall -O0 -g3 -c -fmessage-length=0 -MT"src/pm_usb.o" -I../../test_bsp/psu_pmu_0/include -mlittle-endian -mxl-barrel-shift -mxl-pattern-compare -mcpu=v9.2 -mxl-soft-mul -Wl,--no-relax -MMD -MP -MF"src/pm_usb.d" -MT"src/pm_usb.o" -o "src/pm_usb.o" "../src/pm_usb.c"
'Finished building: ../src/pm_usb.c'
' '
'Building file: ../src/xpfw_aib.c'
'Invoking: MicroBlaze gcc compiler'
mb-gcc -Wall -O0 -g3 -c -fmessage-length=0 -MT"src/xpfw_aib.o" -I../../test_bsp/psu_pmu_0/include -mlittle-endian -mxl-barrel-shift -mxl-pattern-compare -mcpu=v9.2 -mxl-soft-mul -Wl,--no-relax -MMD -MP -MF"src/xpfw_aib.d" -MT"src/xpfw_aib.o" -o "src/xpfw_aib.o" "../src/xpfw_aib.c"
'Finished building: ../src/xpfw_aib.c'
' '
'Building file: ../src/xpfw_core.c'
'Invoking: MicroBlaze gcc compiler'
mb-gcc -Wall -O0 -g3 -c -fmessage-length=0 -MT"src/xpfw_core.o" -I../../test_bsp/psu_pmu_0/include -mlittle-endian -mxl-barrel-shift -mxl-pattern-compare -mcpu=v9.2 -mxl-soft-mul -Wl,--no-relax -MMD -MP -MF"src/xpfw_core.d" -MT"src/xpfw_core.o" -o "src/xpfw_core.o" "../src/xpfw_core.c"
'Finished building: ../src/xpfw_core.c'
' '
'Building file: ../src/xpfw_error_manager.c'
'Invoking: MicroBlaze gcc compiler'
mb-gcc -Wall -O0 -g3 -c -fmessage-length=0 -MT"src/xpfw_error_manager.o" -I../../test_bsp/psu_pmu_0/include -mlittle-endian -mxl-barrel-shift -mxl-pattern-compare -mcpu=v9.2 -mxl-soft-mul -Wl,--no-relax -MMD -MP -MF"src/xpfw_error_manager.d" -MT"src/xpfw_error_manager.o" -o "src/xpfw_error_manager.o" "../src/xpfw_error_manager.c"
'Finished building: ../src/xpfw_error_manager.c'
' '
'Building file: ../src/xpfw_events.c'
'Invoking: MicroBlaze gcc compiler'
mb-gcc -Wall -O0 -g3 -c -fmessage-length=0 -MT"src/xpfw_events.o" -I../../test_bsp/psu_pmu_0/include -mlittle-endian -mxl-barrel-shift -mxl-pattern-compare -mcpu=v9.2 -mxl-soft-mul -Wl,--no-relax -MMD -MP -MF"src/xpfw_events.d" -MT"src/xpfw_events.o" -o "src/xpfw_events.o" "../src/xpfw_events.c"
'Finished building: ../src/xpfw_events.c'
' '
'Building file: ../src/xpfw_interrupts.c'
'Invoking: MicroBlaze gcc compiler'
mb-gcc -Wall -O0 -g3 -c -fmessage-length=0 -MT"src/xpfw_interrupts.o" -I../../test_bsp/psu_pmu_0/include -mlittle-endian -mxl-barrel-shift -mxl-pattern-compare -mcpu=v9.2 -mxl-soft-mul -Wl,--no-relax -MMD -MP -MF"src/xpfw_interrupts.d" -MT"src/xpfw_interrupts.o" -o "src/xpfw_interrupts.o" "../src/xpfw_interrupts.c"
'Finished building: ../src/xpfw_interrupts.c'
' '
'Building file: ../src/xpfw_ipi_manager.c'
'Invoking: MicroBlaze gcc compiler'
mb-gcc -Wall -O0 -g3 -c -fmessage-length=0 -MT"src/xpfw_ipi_manager.o" -I../../test_bsp/psu_pmu_0/include -mlittle-endian -mxl-barrel-shift -mxl-pattern-compare -mcpu=v9.2 -mxl-soft-mul -Wl,--no-relax -MMD -MP -MF"src/xpfw_ipi_manager.d" -MT"src/xpfw_ipi_manager.o" -o "src/xpfw_ipi_manager.o" "../src/xpfw_ipi_manager.c"
'Finished building: ../src/xpfw_ipi_manager.c'
' '
'Building file: ../src/xpfw_main.c'
'Invoking: MicroBlaze gcc compiler'
mb-gcc -Wall -O0 -g3 -c -fmessage-length=0 -MT"src/xpfw_main.o" -I../../test_bsp/psu_pmu_0/include -mlittle-endian -mxl-barrel-shift -mxl-pattern-compare -mcpu=v9.2 -mxl-soft-mul -Wl,--no-relax -MMD -MP -MF"src/xpfw_main.d" -MT"src/xpfw_main.o" -o "src/xpfw_main.o" "../src/xpfw_main.c"
'Finished building: ../src/xpfw_main.c'
' '
'Building file: ../src/xpfw_mod_dap.c'
'Invoking: MicroBlaze gcc compiler'
mb-gcc -Wall -O0 -g3 -c -fmessage-length=0 -MT"src/xpfw_mod_dap.o" -I../../test_bsp/psu_pmu_0/include -mlittle-endian -mxl-barrel-shift -mxl-pattern-compare -mcpu=v9.2 -mxl-soft-mul -Wl,--no-relax -MMD -MP -MF"src/xpfw_mod_dap.d" -MT"src/xpfw_mod_dap.o" -o "src/xpfw_mod_dap.o" "../src/xpfw_mod_dap.c"
'Finished building: ../src/xpfw_mod_dap.c'
' '
'Building file: ../src/xpfw_mod_em.c'
'Invoking: MicroBlaze gcc compiler'
mb-gcc -Wall -O0 -g3 -c -fmessage-length=0 -MT"src/xpfw_mod_em.o" -I../../test_bsp/psu_pmu_0/include -mlittle-endian -mxl-barrel-shift -mxl-pattern-compare -mcpu=v9.2 -mxl-soft-mul -Wl,--no-relax -MMD -MP -MF"src/xpfw_mod_em.d" -MT"src/xpfw_mod_em.o" -o "src/xpfw_mod_em.o" "../src/xpfw_mod_em.c"
'Finished building: ../src/xpfw_mod_em.c'
' '
'Building file: ../src/xpfw_mod_legacy.c'
'Invoking: MicroBlaze gcc compiler'
mb-gcc -Wall -O0 -g3 -c -fmessage-length=0 -MT"src/xpfw_mod_legacy.o" -I../../test_bsp/psu_pmu_0/include -mlittle-endian -mxl-barrel-shift -mxl-pattern-compare -mcpu=v9.2 -mxl-soft-mul -Wl,--no-relax -MMD -MP -MF"src/xpfw_mod_legacy.d" -MT"src/xpfw_mod_legacy.o" -o "src/xpfw_mod_legacy.o" "../src/xpfw_mod_legacy.c"
'Finished building: ../src/xpfw_mod_legacy.c'
' '
'Building file: ../src/xpfw_mod_pm.c'
'Invoking: MicroBlaze gcc compiler'
mb-gcc -Wall -O0 -g3 -c -fmessage-length=0 -MT"src/xpfw_mod_pm.o" -I../../test_bsp/psu_pmu_0/include -mlittle-endian -mxl-barrel-shift -mxl-pattern-compare -mcpu=v9.2 -mxl-soft-mul -Wl,--no-relax -MMD -MP -MF"src/xpfw_mod_pm.d" -MT"src/xpfw_mod_pm.o" -o "src/xpfw_mod_pm.o" "../src/xpfw_mod_pm.c"
'Finished building: ../src/xpfw_mod_pm.c'
' '
'Building file: ../src/xpfw_mod_rtc.c'
'Invoking: MicroBlaze gcc compiler'
mb-gcc -Wall -O0 -g3 -c -fmessage-length=0 -MT"src/xpfw_mod_rtc.o" -I../../test_bsp/psu_pmu_0/include -mlittle-endian -mxl-barrel-shift -mxl-pattern-compare -mcpu=v9.2 -mxl-soft-mul -Wl,--no-relax -MMD -MP -MF"src/xpfw_mod_rtc.d" -MT"src/xpfw_mod_rtc.o" -o "src/xpfw_mod_rtc.o" "../src/xpfw_mod_rtc.c"
'Finished building: ../src/xpfw_mod_rtc.c'
' '
'Building file: ../src/xpfw_mod_sched.c'
'Invoking: MicroBlaze gcc compiler'
mb-gcc -Wall -O0 -g3 -c -fmessage-length=0 -MT"src/xpfw_mod_sched.o" -I../../test_bsp/psu_pmu_0/include -mlittle-endian -mxl-barrel-shift -mxl-pattern-compare -mcpu=v9.2 -mxl-soft-mul -Wl,--no-relax -MMD -MP -MF"src/xpfw_mod_sched.d" -MT"src/xpfw_mod_sched.o" -o "src/xpfw_mod_sched.o" "../src/xpfw_mod_sched.c"
'Finished building: ../src/xpfw_mod_sched.c'
' '
'Building file: ../src/xpfw_module.c'
'Invoking: MicroBlaze gcc compiler'
mb-gcc -Wall -O0 -g3 -c -fmessage-length=0 -MT"src/xpfw_module.o" -I../../test_bsp/psu_pmu_0/include -mlittle-endian -mxl-barrel-shift -mxl-pattern-compare -mcpu=v9.2 -mxl-soft-mul -Wl,--no-relax -MMD -MP -MF"src/xpfw_module.d" -MT"src/xpfw_module.o" -o "src/xpfw_module.o" "../src/xpfw_module.c"
'Finished building: ../src/xpfw_module.c'
' '
'Building file: ../src/xpfw_platform.c'
'Invoking: MicroBlaze gcc compiler'
mb-gcc -Wall -O0 -g3 -c -fmessage-length=0 -MT"src/xpfw_platform.o" -I../../test_bsp/psu_pmu_0/include -mlittle-endian -mxl-barrel-shift -mxl-pattern-compare -mcpu=v9.2 -mxl-soft-mul -Wl,--no-relax -MMD -MP -MF"src/xpfw_platform.d" -MT"src/xpfw_platform.o" -o "src/xpfw_platform.o" "../src/xpfw_platform.c"
'Finished building: ../src/xpfw_platform.c'
' '
'Building file: ../src/xpfw_resets.c'
'Invoking: MicroBlaze gcc compiler'
mb-gcc -Wall -O0 -g3 -c -fmessage-length=0 -MT"src/xpfw_resets.o" -I../../test_bsp/psu_pmu_0/include -mlittle-endian -mxl-barrel-shift -mxl-pattern-compare -mcpu=v9.2 -mxl-soft-mul -Wl,--no-relax -MMD -MP -MF"src/xpfw_resets.d" -MT"src/xpfw_resets.o" -o "src/xpfw_resets.o" "../src/xpfw_resets.c"
'Finished building: ../src/xpfw_resets.c'
' '
'Building file: ../src/xpfw_rom_interface.c'
'Invoking: MicroBlaze gcc compiler'
mb-gcc -Wall -O0 -g3 -c -fmessage-length=0 -MT"src/xpfw_rom_interface.o" -I../../test_bsp/psu_pmu_0/include -mlittle-endian -mxl-barrel-shift -mxl-pattern-compare -mcpu=v9.2 -mxl-soft-mul -Wl,--no-relax -MMD -MP -MF"src/xpfw_rom_interface.d" -MT"src/xpfw_rom_interface.o" -o "src/xpfw_rom_interface.o" "../src/xpfw_rom_interface.c"
'Finished building: ../src/xpfw_rom_interface.c'
' '
'Building file: ../src/xpfw_scheduler.c'
'Invoking: MicroBlaze gcc compiler'
mb-gcc -Wall -O0 -g3 -c -fmessage-length=0 -MT"src/xpfw_scheduler.o" -I../../test_bsp/psu_pmu_0/include -mlittle-endian -mxl-barrel-shift -mxl-pattern-compare -mcpu=v9.2 -mxl-soft-mul -Wl,--no-relax -MMD -MP -MF"src/xpfw_scheduler.d" -MT"src/xpfw_scheduler.o" -o "src/xpfw_scheduler.o" "../src/xpfw_scheduler.c"
'Finished building: ../src/xpfw_scheduler.c'
' '
'Building file: ../src/xpfw_start.S'
'Invoking: MicroBlaze gcc compiler'
mb-gcc -Wall -O0 -g3 -c -fmessage-length=0 -MT"src/xpfw_start.o" -I../../test_bsp/psu_pmu_0/include -mlittle-endian -mxl-barrel-shift -mxl-pattern-compare -mcpu=v9.2 -mxl-soft-mul -Wl,--no-relax -MMD -MP -MF"src/xpfw_start.d" -MT"src/xpfw_start.o" -o "src/xpfw_start.o" "../src/xpfw_start.S"
'Finished building: ../src/xpfw_start.S'
' '
'Building file: ../src/xpfw_user_startup.c'
'Invoking: MicroBlaze gcc compiler'
[...]
'Finished building: ../src/pm_slave.c'
' '
'Building file: ../src/pm_sram.c'
'Invoking: MicroBlaze gcc compiler'
mb-gcc -Wall -O0 -g3 -c -fmessage-length=0 -MT"src/pm_sram.o" -I../../test_bsp/psu_pmu_0/include -mlittle-endian -mxl-barrel-shift -mxl-pattern-compare -mcpu=v9.2 -mxl-soft-mul -Wl,--no-relax -MMD -MP -MF"src/pm_sram.d" -MT"src/pm_sram.o" -o "src/pm_sram.o" "../src/pm_sram.c"
'Finished building: ../src/pm_sram.c'
' '
'Building file: ../src/pm_system.c'
'Invoking: MicroBlaze gcc compiler'
mb-gcc -Wall -O0 -g3 -c -fmessage-length=0 -MT"src/pm_system.o" -I../../test_bsp/psu_pmu_0/include -mlittle-endian -mxl-barrel-shift -mxl-pattern-compare -mcpu=v9.2 -mxl-soft-mul -Wl,--no-relax -MMD -MP -MF"src/pm_system.d" -MT"src/pm_system.o" -o "src/pm_system.o" "../src/pm_system.c"
'Finished building: ../src/pm_system.c'
' '
'Building file: ../src/pm_usb.c'
'Invoking: MicroBlaze gcc compiler'
mb-gcc -Wall -O0 -g3 -c -fmessage-length=0 -MT"src/pm_usb.o" -I../../test_bsp/psu_pmu_0/include -mlittle-endian -mxl-barrel-shift -mxl-pattern-compare -mcpu=v9.2 -mxl-soft-mul -Wl,--no-relax -MMD -MP -MF"src/pm_usb.d" -MT"src/pm_usb.o" -o "src/pm_usb.o" "../src/pm_usb.c"
'Finished building: ../src/pm_usb.c'
' '
'Building file: ../src/xpfw_aib.c'
'Invoking: MicroBlaze gcc compiler'
mb-gcc -Wall -O0 -g3 -c -fmessage-length=0 -MT"src/xpfw_aib.o" -I../../test_bsp/psu_pmu_0/include -mlittle-endian -mxl-barrel-shift -mxl-pattern-compare -mcpu=v9.2 -mxl-soft-mul -Wl,--no-relax -MMD -MP -MF"src/xpfw_aib.d" -MT"src/xpfw_aib.o" -o "src/xpfw_aib.o" "../src/xpfw_aib.c"
'Finished building: ../src/xpfw_aib.c'
' '
'Building file: ../src/xpfw_core.c'
'Invoking: MicroBlaze gcc compiler'
mb-gcc -Wall -O0 -g3 -c -fmessage-length=0 -MT"src/xpfw_core.o" -I../../test_bsp/psu_pmu_0/include -mlittle-endian -mxl-barrel-shift -mxl-pattern-compare -mcpu=v9.2 -mxl-soft-mul -Wl,--no-relax -MMD -MP -MF"src/xpfw_core.d" -MT"src/xpfw_core.o" -o "src/xpfw_core.o" "../src/xpfw_core.c"
'Finished building: ../src/xpfw_core.c'
' '
'Building file: ../src/xpfw_error_manager.c'
'Invoking: MicroBlaze gcc compiler'
mb-gcc -Wall -O0 -g3 -c -fmessage-length=0 -MT"src/xpfw_error_manager.o" -I../../test_bsp/psu_pmu_0/include -mlittle-endian -mxl-barrel-shift -mxl-pattern-compare -mcpu=v9.2 -mxl-soft-mul -Wl,--no-relax -MMD -MP -MF"src/xpfw_error_manager.d" -MT"src/xpfw_error_manager.o" -o "src/xpfw_error_manager.o" "../src/xpfw_error_manager.c"
'Finished building: ../src/xpfw_error_manager.c'
' '
'Building file: ../src/xpfw_events.c'
'Invoking: MicroBlaze gcc compiler'
mb-gcc -Wall -O0 -g3 -c -fmessage-length=0 -MT"src/xpfw_events.o" -I../../test_bsp/psu_pmu_0/include -mlittle-endian -mxl-barrel-shift -mxl-pattern-compare -mcpu=v9.2 -mxl-soft-mul -Wl,--no-relax -MMD -MP -MF"src/xpfw_events.d" -MT"src/xpfw_events.o" -o "src/xpfw_events.o" "../src/xpfw_events.c"
'Finished building: ../src/xpfw_events.c'
' '
'Building file: ../src/xpfw_interrupts.c'
'Invoking: MicroBlaze gcc compiler'
mb-gcc -Wall -O0 -g3 -c -fmessage-length=0 -MT"src/xpfw_interrupts.o" -I../../test_bsp/psu_pmu_0/include -mlittle-endian -mxl-barrel-shift -mxl-pattern-compare -mcpu=v9.2 -mxl-soft-mul -Wl,--no-relax -MMD -MP -MF"src/xpfw_interrupts.d" -MT"src/xpfw_interrupts.o" -o "src/xpfw_interrupts.o" "../src/xpfw_interrupts.c"
'Finished building: ../src/xpfw_interrupts.c'
' '
'Building file: ../src/xpfw_ipi_manager.c'
'Invoking: MicroBlaze gcc compiler'
mb-gcc -Wall -O0 -g3 -c -fmessage-length=0 -MT"src/xpfw_ipi_manager.o" -I../../test_bsp/psu_pmu_0/include -mlittle-endian -mxl-barrel-shift -mxl-pattern-compare -mcpu=v9.2 -mxl-soft-mul -Wl,--no-relax -MMD -MP -MF"src/xpfw_ipi_manager.d" -MT"src/xpfw_ipi_manager.o" -o "src/xpfw_ipi_manager.o" "../src/xpfw_ipi_manager.c"
'Finished building: ../src/xpfw_ipi_manager.c'
' '
'Building file: ../src/xpfw_main.c'
'Invoking: MicroBlaze gcc compiler'
mb-gcc -Wall -O0 -g3 -c -fmessage-length=0 -MT"src/xpfw_main.o" -I../../test_bsp/psu_pmu_0/include -mlittle-endian -mxl-barrel-shift -mxl-pattern-compare -mcpu=v9.2 -mxl-soft-mul -Wl,--no-relax -MMD -MP -MF"src/xpfw_main.d" -MT"src/xpfw_main.o" -o "src/xpfw_main.o" "../src/xpfw_main.c"
'Finished building: ../src/xpfw_main.c'
' '
'Building file: ../src/xpfw_mod_dap.c'
'Invoking: MicroBlaze gcc compiler'
mb-gcc -Wall -O0 -g3 -c -fmessage-length=0 -MT"src/xpfw_mod_dap.o" -I../../test_bsp/psu_pmu_0/include -mlittle-endian -mxl-barrel-shift -mxl-pattern-compare -mcpu=v9.2 -mxl-soft-mul -Wl,--no-relax -MMD -MP -MF"src/xpfw_mod_dap.d" -MT"src/xpfw_mod_dap.o" -o "src/xpfw_mod_dap.o" "../src/xpfw_mod_dap.c"
'Finished building: ../src/xpfw_mod_dap.c'
' '
'Building file: ../src/xpfw_mod_em.c'
'Invoking: MicroBlaze gcc compiler'
mb-gcc -Wall -O0 -g3 -c -fmessage-length=0 -MT"src/xpfw_mod_em.o" -I../../test_bsp/psu_pmu_0/include -mlittle-endian -mxl-barrel-shift -mxl-pattern-compare -mcpu=v9.2 -mxl-soft-mul -Wl,--no-relax -MMD -MP -MF"src/xpfw_mod_em.d" -MT"src/xpfw_mod_em.o" -o "src/xpfw_mod_em.o" "../src/xpfw_mod_em.c"
'Finished building: ../src/xpfw_mod_em.c'
' '
'Building file: ../src/xpfw_mod_legacy.c'
'Invoking: MicroBlaze gcc compiler'
mb-gcc -Wall -O0 -g3 -c -fmessage-length=0 -MT"src/xpfw_mod_legacy.o" -I../../test_bsp/psu_pmu_0/include -mlittle-endian -mxl-barrel-shift -mxl-pattern-compare -mcpu=v9.2 -mxl-soft-mul -Wl,--no-relax -MMD -MP -MF"src/xpfw_mod_legacy.d" -MT"src/xpfw_mod_legacy.o" -o "src/xpfw_mod_legacy.o" "../src/xpfw_mod_legacy.c"
'Finished building: ../src/xpfw_mod_legacy.c'
' '
'Building file: ../src/xpfw_mod_pm.c'
'Invoking: MicroBlaze gcc compiler'
mb-gcc -Wall -O0 -g3 -c -fmessage-length=0 -MT"src/xpfw_mod_pm.o" -I../../test_bsp/psu_pmu_0/include -mlittle-endian -mxl-barrel-shift -mxl-pattern-compare -mcpu=v9.2 -mxl-soft-mul -Wl,--no-relax -MMD -MP -MF"src/xpfw_mod_pm.d" -MT"src/xpfw_mod_pm.o" -o "src/xpfw_mod_pm.o" "../src/xpfw_mod_pm.c"
'Finished building: ../src/xpfw_mod_pm.c'
' '
'Building file: ../src/xpfw_mod_rtc.c'
'Invoking: MicroBlaze gcc compiler'
mb-gcc -Wall -O0 -g3 -c -fmessage-length=0 -MT"src/xpfw_mod_rtc.o" -I../../test_bsp/psu_pmu_0/include -mlittle-endian -mxl-barrel-shift -mxl-pattern-compare -mcpu=v9.2 -mxl-soft-mul -Wl,--no-relax -MMD -MP -MF"src/xpfw_mod_rtc.d" -MT"src/xpfw_mod_rtc.o" -o "src/xpfw_mod_rtc.o" "../src/xpfw_mod_rtc.c"
'Finished building: ../src/xpfw_mod_rtc.c'
' '
'Building file: ../src/xpfw_mod_sched.c'
'Invoking: MicroBlaze gcc compiler'
mb-gcc -Wall -O0 -g3 -c -fmessage-length=0 -MT"src/xpfw_mod_sched.o" -I../../test_bsp/psu_pmu_0/include -mlittle-endian -mxl-barrel-shift -mxl-pattern-compare -mcpu=v9.2 -mxl-soft-mul -Wl,--no-relax -MMD -MP -MF"src/xpfw_mod_sched.d" -MT"src/xpfw_mod_sched.o" -o "src/xpfw_mod_sched.o" "../src/xpfw_mod_sched.c"
'Finished building: ../src/xpfw_mod_sched.c'
' '
'Building file: ../src/xpfw_module.c'
'Invoking: MicroBlaze gcc compiler'
mb-gcc -Wall -O0 -g3 -c -fmessage-length=0 -MT"src/xpfw_module.o" -I../../test_bsp/psu_pmu_0/include -mlittle-endian -mxl-barrel-shift -mxl-pattern-compare -mcpu=v9.2 -mxl-soft-mul -Wl,--no-relax -MMD -MP -MF"src/xpfw_module.d" -MT"src/xpfw_module.o" -o "src/xpfw_module.o" "../src/xpfw_module.c"
'Finished building: ../src/xpfw_module.c'
' '
'Building file: ../src/xpfw_platform.c'
'Invoking: MicroBlaze gcc compiler'
mb-gcc -Wall -O0 -g3 -c -fmessage-length=0 -MT"src/xpfw_platform.o" -I../../test_bsp/psu_pmu_0/include -mlittle-endian -mxl-barrel-shift -mxl-pattern-compare -mcpu=v9.2 -mxl-soft-mul -Wl,--no-relax -MMD -MP -MF"src/xpfw_platform.d" -MT"src/xpfw_platform.o" -o "src/xpfw_platform.o" "../src/xpfw_platform.c"
'Finished building: ../src/xpfw_platform.c'
' '
'Building file: ../src/xpfw_resets.c'
'Invoking: MicroBlaze gcc compiler'
mb-gcc -Wall -O0 -g3 -c -fmessage-length=0 -MT"src/xpfw_resets.o" -I../../test_bsp/psu_pmu_0/include -mlittle-endian -mxl-barrel-shift -mxl-pattern-compare -mcpu=v9.2 -mxl-soft-mul -Wl,--no-relax -MMD -MP -MF"src/xpfw_resets.d" -MT"src/xpfw_resets.o" -o "src/xpfw_resets.o" "../src/xpfw_resets.c"
'Finished building: ../src/xpfw_resets.c'
' '
'Building file: ../src/xpfw_rom_interface.c'
'Invoking: MicroBlaze gcc compiler'
mb-gcc -Wall -O0 -g3 -c -fmessage-length=0 -MT"src/xpfw_rom_interface.o" -I../../test_bsp/psu_pmu_0/include -mlittle-endian -mxl-barrel-shift -mxl-pattern-compare -mcpu=v9.2 -mxl-soft-mul -Wl,--no-relax -MMD -MP -MF"src/xpfw_rom_interface.d" -MT"src/xpfw_rom_interface.o" -o "src/xpfw_rom_interface.o" "../src/xpfw_rom_interface.c"
'Finished building: ../src/xpfw_rom_interface.c'
' '
'Building file: ../src/xpfw_scheduler.c'
'Invoking: MicroBlaze gcc compiler'
mb-gcc -Wall -O0 -g3 -c -fmessage-length=0 -MT"src/xpfw_scheduler.o" -I../../test_bsp/psu_pmu_0/include -mlittle-endian -mxl-barrel-shift -mxl-pattern-compare -mcpu=v9.2 -mxl-soft-mul -Wl,--no-relax -MMD -MP -MF"src/xpfw_scheduler.d" -MT"src/xpfw_scheduler.o" -o "src/xpfw_scheduler.o" "../src/xpfw_scheduler.c"
'Finished building: ../src/xpfw_scheduler.c'
' '
'Building file: ../src/xpfw_start.S'
'Invoking: MicroBlaze gcc compiler'
mb-gcc -Wall -O0 -g3 -c -fmessage-length=0 -MT"src/xpfw_start.o" -I../../test_bsp/psu_pmu_0/include -mlittle-endian -mxl-barrel-shift -mxl-pattern-compare -mcpu=v9.2 -mxl-soft-mul -Wl,--no-relax -MMD -MP -MF"src/xpfw_start.d" -MT"src/xpfw_start.o" -o "src/xpfw_start.o" "../src/xpfw_start.S"
'Finished building: ../src/xpfw_start.S'
' '
'Building file: ../src/xpfw_user_startup.c'
'Invoking: MicroBlaze gcc compiler'
mb-gcc -Wall -O0 -g3 -c -fmessage-length=0 -MT"src/xpfw_user_startup.o" -I../../test_bsp/psu_pmu_0/include -mlittle-endian -mxl-barrel-shift -mxl-pattern-compare -mcpu=v9.2 -mxl-soft-mul -Wl,--no-relax -MMD -MP -MF"src/xpfw_user_startup.d" -MT"src/xpfw_user_startup.o" -o "src/xpfw_user_startup.o" "../src/xpfw_user_startup.c"
'Finished building: ../src/xpfw_user_startup.c'
' '
'Building file: ../src/xpfw_util.c'
'Invoking: MicroBlaze gcc compiler'
mb-gcc -Wall -O0 -g3 -c -fmessage-length=0 -MT"src/xpfw_util.o" -I../../test_bsp/psu_pmu_0/include -mlittle-endian -mxl-barrel-shift -mxl-pattern-compare -mcpu=v9.2 -mxl-soft-mul -Wl,--no-relax -MMD -MP -MF"src/xpfw_util.d" -MT"src/xpfw_util.o" -o "src/xpfw_util.o" "../src/xpfw_util.c"
'Finished building: ../src/xpfw_util.c'
' '
'Building target: test.elf'
'Invoking: MicroBlaze gcc linker'
mb-gcc -nostartfiles -Wl,-T -Wl,../src/lscript.ld -L../../test_bsp/psu_pmu_0/lib -mlittle-endian -mxl-barrel-shift -mxl-pattern-compare -mcpu=v9.2 -mxl-soft-mul -Wl,--no-relax -o "test.elf"  ./src/pm_api.o ./src/pm_binding.o ./src/pm_callbacks.o ./src/pm_clock.o ./src/pm_common.o ./src/pm_core.o ./src/pm_ddr.o ./src/pm_gic_proxy.o ./src/pm_master.o ./src/pm_mmio_access.o ./src/pm_node.o ./src/pm_notifier.o ./src/pm_periph.o ./src/pm_pll.o ./src/pm_power.o ./src/pm_proc.o ./src/pm_reset.o ./src/pm_slave.o ./src/pm_sram.o ./src/pm_system.o ./src/pm_usb.o ./src/xpfw_aib.o ./src/xpfw_core.o ./src/xpfw_error_manager.o ./src/xpfw_events.o ./src/xpfw_interrupts.o ./src/xpfw_ipi_manager.o ./src/xpfw_main.o ./src/xpfw_mod_dap.o ./src/xpfw_mod_em.o ./src/xpfw_mod_legacy.o ./src/xpfw_mod_pm.o ./src/xpfw_mod_rtc.o ./src/xpfw_mod_sched.o ./src/xpfw_module.o ./src/xpfw_platform.o ./src/xpfw_resets.o ./src/xpfw_rom_interface.o ./src/xpfw_scheduler.o ./src/xpfw_start.o ./src/xpfw_user_startup.o ./src/xpfw_util.o   -Wl,--start-group,-lxil,-lgcc,-lc,--end-group -Wl,--start-group,-lxilfpga,-lxil,-lgcc,-lc,--end-group
'Finished building target: test.elf'
' '
'Invoking: MicroBlaze Print Size'
mb-size test.elf  |tee "test.elf.size"
   text	   data	    bss	    dec	    hex	filename
  97883	  17796	   4480	 120159	  1d55f	test.elf
'Finished building: test.elf.size'
' '
16:05:15 **** Incremental Build of configuration Debug for project tpg_vdma ****
make all 
'Building file: ../src/helloworld.c'
'Invoking: ARM A53 gcc compiler'
aarch64-none-elf-gcc -Wall -O0 -g3 -c -fmessage-length=0 -MT"src/helloworld.o" -I../../int_bsp/psu_cortexa53_0/include -MMD -MP -MF"src/helloworld.d" -MT"src/helloworld.o" -o "src/helloworld.o" "../src/helloworld.c"
../src/helloworld.c: In function 'main':
../src/helloworld.c:30:5: warning: implicit declaration of function 'disable_caches' [-Wimplicit-function-declaration]
     disable_caches();
     ^
../src/helloworld.c:75:35: warning: cast from pointer to integer of different size [-Wpointer-to-int-cast]
  vdmaDMA.FrameStoreStartAddr[0] = (u32)  pFrames[0];
                                   ^
'Finished building: ../src/helloworld.c'
' '
'Building target: tpg_vdma.elf'
'Invoking: ARM A53 gcc linker'
aarch64-none-elf-gcc -Wl,-T -Wl,../src/lscript.ld -L../../int_bsp/psu_cortexa53_0/lib -o "tpg_vdma.elf"  ./src/helloworld.o ./src/platform.o   -Wl,--start-group,-lxil,-lgcc,-lc,--end-group -Wl,--start-group,-lxilffs,-lxil,-lgcc,-lc,--end-group -Wl,--start-group,-lxilsecure,-lxil,-lgcc,-lc,--end-group -Wl,--start-group,-lxilpm,-lxil,-lgcc,-lc,--end-group
'Finished building target: tpg_vdma.elf'
' '
'Invoking: ARM A53 Print Size'
aarch64-none-elf-size tpg_vdma.elf  |tee "tpg_vdma.elf.size"
   text	   data	    bss	    dec	    hex	filename
  92112	   4808	5512320	5609240	 559718	tpg_vdma.elf
'Finished building: tpg_vdma.elf.size'
' '
16:05:17 **** Incremental Build of configuration Debug for project test ****
make all 
make: Nothing to be done for `all'.
16:26:18 **** Incremental Build of configuration Debug for project tpg_vdma ****
make all 
'Building file: ../src/helloworld.c'
'Invoking: ARM A53 gcc compiler'
aarch64-none-elf-gcc -Wall -O0 -g3 -c -fmessage-length=0 -MT"src/helloworld.o" -I../../int_bsp/psu_cortexa53_0/include -MMD -MP -MF"src/helloworld.d" -MT"src/helloworld.o" -o "src/helloworld.o" "../src/helloworld.c"
../src/helloworld.c: In function 'main':
../src/helloworld.c:30:5: warning: implicit declaration of function 'disable_caches' [-Wimplicit-function-declaration]
     disable_caches();
     ^
../src/helloworld.c:75:35: warning: cast from pointer to integer of different size [-Wpointer-to-int-cast]
  vdmaDMA.FrameStoreStartAddr[0] = (u32)  pFrames[0];
                                   ^
'Finished building: ../src/helloworld.c'
' '
'Building target: tpg_vdma.elf'
'Invoking: ARM A53 gcc linker'
aarch64-none-elf-gcc -Wl,-T -Wl,../src/lscript.ld -L../../int_bsp/psu_cortexa53_0/lib -o "tpg_vdma.elf"  ./src/helloworld.o ./src/platform.o   -Wl,--start-group,-lxil,-lgcc,-lc,--end-group -Wl,--start-group,-lxilffs,-lxil,-lgcc,-lc,--end-group -Wl,--start-group,-lxilsecure,-lxil,-lgcc,-lc,--end-group -Wl,--start-group,-lxilpm,-lxil,-lgcc,-lc,--end-group
'Finished building target: tpg_vdma.elf'
' '
'Invoking: ARM A53 Print Size'
aarch64-none-elf-size tpg_vdma.elf  |tee "tpg_vdma.elf.size"
   text	   data	    bss	    dec	    hex	filename
  92112	   4808	5512320	5609240	 559718	tpg_vdma.elf
'Finished building: tpg_vdma.elf.size'
' '
16:26:19 **** Incremental Build of configuration Debug for project test ****
make all 
make: Nothing to be done for `all'.
16:28:18 **** Incremental Build of configuration Debug for project tpg_vdma ****
make all 
'Building file: ../src/helloworld.c'
'Invoking: ARM A53 gcc compiler'
aarch64-none-elf-gcc -Wall -O0 -g3 -c -fmessage-length=0 -MT"src/helloworld.o" -I../../int_bsp/psu_cortexa53_0/include -MMD -MP -MF"src/helloworld.d" -MT"src/helloworld.o" -o "src/helloworld.o" "../src/helloworld.c"
../src/helloworld.c: In function 'main':
../src/helloworld.c:30:5: warning: implicit declaration of function 'disable_caches' [-Wimplicit-function-declaration]
     disable_caches();
     ^
../src/helloworld.c:75:35: warning: cast from pointer to integer of different size [-Wpointer-to-int-cast]
  vdmaDMA.FrameStoreStartAddr[0] = (u32)  pFrames[0];
                                   ^
'Finished building: ../src/helloworld.c'
' '
'Building target: tpg_vdma.elf'
'Invoking: ARM A53 gcc linker'
aarch64-none-elf-gcc -Wl,-T -Wl,../src/lscript.ld -L../../int_bsp/psu_cortexa53_0/lib -o "tpg_vdma.elf"  ./src/helloworld.o ./src/platform.o   -Wl,--start-group,-lxil,-lgcc,-lc,--end-group -Wl,--start-group,-lxilffs,-lxil,-lgcc,-lc,--end-group -Wl,--start-group,-lxilsecure,-lxil,-lgcc,-lc,--end-group -Wl,--start-group,-lxilpm,-lxil,-lgcc,-lc,--end-group
'Finished building target: tpg_vdma.elf'
' '
'Invoking: ARM A53 Print Size'
aarch64-none-elf-size tpg_vdma.elf  |tee "tpg_vdma.elf.size"
   text	   data	    bss	    dec	    hex	filename
  92112	   4808	5512320	5609240	 559718	tpg_vdma.elf
'Finished building: tpg_vdma.elf.size'
' '
16:28:19 **** Incremental Build of configuration Debug for project test ****
make all 
make: Nothing to be done for `all'.
17:05:40 **** Incremental Build of configuration Debug for project tpg_vdma ****
make all 
'Building file: ../src/helloworld.c'
'Invoking: ARM A53 gcc compiler'
aarch64-none-elf-gcc -Wall -O0 -g3 -c -fmessage-length=0 -MT"src/helloworld.o" -I../../int_bsp/psu_cortexa53_0/include -MMD -MP -MF"src/helloworld.d" -MT"src/helloworld.o" -o "src/helloworld.o" "../src/helloworld.c"
../src/helloworld.c: In function 'main':
../src/helloworld.c:30:5: warning: implicit declaration of function 'disable_caches' [-Wimplicit-function-declaration]
     disable_caches();
     ^
../src/helloworld.c:75:35: warning: cast from pointer to integer of different size [-Wpointer-to-int-cast]
  vdmaDMA.FrameStoreStartAddr[0] = (u32)  pFrames[0];
                                   ^
'Finished building: ../src/helloworld.c'
' '
'Building target: tpg_vdma.elf'
'Invoking: ARM A53 gcc linker'
aarch64-none-elf-gcc -Wl,-T -Wl,../src/lscript.ld -L../../int_bsp/psu_cortexa53_0/lib -o "tpg_vdma.elf"  ./src/helloworld.o ./src/platform.o   -Wl,--start-group,-lxil,-lgcc,-lc,--end-group -Wl,--start-group,-lxilffs,-lxil,-lgcc,-lc,--end-group -Wl,--start-group,-lxilsecure,-lxil,-lgcc,-lc,--end-group -Wl,--start-group,-lxilpm,-lxil,-lgcc,-lc,--end-group
'Finished building target: tpg_vdma.elf'
' '
'Invoking: ARM A53 Print Size'
aarch64-none-elf-size tpg_vdma.elf  |tee "tpg_vdma.elf.size"
   text	   data	    bss	    dec	    hex	filename
  92112	   4808	5512320	5609240	 559718	tpg_vdma.elf
'Finished building: tpg_vdma.elf.size'
' '
17:05:41 **** Incremental Build of configuration Debug for project test ****
make all 
make: Nothing to be done for `all'.
17:10:39 **** Incremental Build of configuration Debug for project tpg_vdma ****
make all 
'Building file: ../src/helloworld.c'
'Invoking: ARM A53 gcc compiler'
aarch64-none-elf-gcc -Wall -O0 -g3 -c -fmessage-length=0 -MT"src/helloworld.o" -I../../int_bsp/psu_cortexa53_0/include -MMD -MP -MF"src/helloworld.d" -MT"src/helloworld.o" -o "src/helloworld.o" "../src/helloworld.c"
../src/helloworld.c: In function 'main':
../src/helloworld.c:30:5: warning: implicit declaration of function 'disable_caches' [-Wimplicit-function-declaration]
     disable_caches();
     ^
../src/helloworld.c:75:35: warning: cast from pointer to integer of different size [-Wpointer-to-int-cast]
  vdmaDMA.FrameStoreStartAddr[0] = (u32)  pFrames[0];
                                   ^
'Finished building: ../src/helloworld.c'
' '
'Building target: tpg_vdma.elf'
'Invoking: ARM A53 gcc linker'
aarch64-none-elf-gcc -Wl,-T -Wl,../src/lscript.ld -L../../int_bsp/psu_cortexa53_0/lib -o "tpg_vdma.elf"  ./src/helloworld.o ./src/platform.o   -Wl,--start-group,-lxil,-lgcc,-lc,--end-group -Wl,--start-group,-lxilffs,-lxil,-lgcc,-lc,--end-group -Wl,--start-group,-lxilsecure,-lxil,-lgcc,-lc,--end-group -Wl,--start-group,-lxilpm,-lxil,-lgcc,-lc,--end-group
'Finished building target: tpg_vdma.elf'
' '
'Invoking: ARM A53 Print Size'
aarch64-none-elf-size tpg_vdma.elf  |tee "tpg_vdma.elf.size"
   text	   data	    bss	    dec	    hex	filename
  92112	   4808	5512320	5609240	 559718	tpg_vdma.elf
'Finished building: tpg_vdma.elf.size'
' '
17:10:43 **** Incremental Build of configuration Debug for project tpg_vdma ****
make all 
make: Nothing to be done for `all'.
17:10:43 **** Incremental Build of configuration Debug for project test ****
make all 
make: Nothing to be done for `all'.
